Writing constraints.:   0%|[38;2;128;191;255m                                                                     [0m| 0/20 [00:00<?, ?it/s][0mWriting constraints.:   5%|[38;2;128;191;255m###                                                          [0m| 1/20 [00:00<00:02,  7.23it/s][0mWriting constraints.:  10%|[38;2;128;191;255m######1                                                      [0m| 2/20 [00:00<00:02,  6.61it/s][0mWriting constraints.:  15%|[38;2;128;191;255m#########1                                                   [0m| 3/20 [00:00<00:02,  6.62it/s][0mWriting constraints.:  20%|[38;2;128;191;255m############2                                                [0m| 4/20 [00:00<00:02,  6.59it/s][0mWriting constraints.:  25%|[38;2;128;191;255m###############2                                             [0m| 5/20 [00:00<00:02,  6.54it/s][0mWriting constraints.:  35%|[38;2;128;191;255m#####################3                                       [0m| 7/20 [00:01<00:01,  6.85it/s][0mWriting constraints.:  85%|[38;2;128;191;255m###################################################         [0m| 17/20 [00:01<00:00, 19.62it/s][0mWriting constraints.:  95%|[38;2;128;191;255m#########################################################   [0m| 19/20 [00:01<00:00, 12.31it/s][0mWriting constraints.: 100%|[38;2;128;191;255m############################################################[0m| 20/20 [00:01<00:00, 11.26it/s][0m
Writing continuous variables.:   0%|[38;2;128;191;255m                                                            [0m| 0/10 [00:00<?, ?it/s][0mWriting continuous variables.:  80%|[38;2;128;191;255m#########################################6          [0m| 8/10 [00:00<00:00, 66.46it/s][0mWriting continuous variables.: 100%|[38;2;128;191;255m###################################################[0m| 10/10 [00:00<00:00, 63.51it/s][0m
Set parameter Username
Academic license - for non-commercial use only - expires 2026-12-02
Read LP format model from file C:\Users\onori\AppData\Local\Temp\linopy-problem-83x0d5m3.lp
Reading time = 2.50 seconds
obj: 788410 rows, 613203 columns, 2057318 nonzeros
Set parameter Presolve to value -1
Gurobi Optimizer version 13.0.0 build v13.0.0rc1 (win64 - Windows 11+.0 (26200.2))

CPU model: 11th Gen Intel(R) Core(TM) i7-11800H @ 2.30GHz, instruction set [SSE2|AVX|AVX2|AVX512]
Thread count: 8 physical cores, 16 logical processors, using up to 16 threads

Optimize a model with 788410 rows, 613203 columns and 2057318 nonzeros (Min)
Model fingerprint: 0x70198f60
Model has 262803 linear objective coefficients
Coefficient statistics:
  Matrix range     [1e-05, 3e+00]
  Objective range  [6e-07, 6e+02]
  Bounds range     [0e+00, 0e+00]
  RHS range        [1e+00, 3e+02]
Presolve removed 220290 rows and 290360 columns
Presolve time: 4.58s
Presolved: 217723 rows, 655717 columns, 1922068 nonzeros

Concurrent LP optimizer: primal simplex, dual simplex, and barrier
Showing barrier log only...

Ordering time: 0.26s

Barrier statistics:
 AA' NZ     : 8.332e+05
 Factor NZ  : 3.496e+06 (roughly 400 MB of memory)
 Factor Ops : 7.084e+07 (less than 1 second per iteration)
 Threads    : 1

                  Objective                Residual
Iter       Primal          Dual         Primal    Dual     Compl     Time
   0  -3.59205734e+08  2.28308444e+06  1.03e+07 2.03e+02  1.35e+05     7s
   1  -9.02544985e+08  3.36157198e+07  4.05e+06 1.97e+02  5.73e+04     8s
   2  -9.04621015e+08  4.53520746e+07  3.73e+06 1.00e+02  4.66e+04     9s
   3  -8.07055027e+08  5.40618084e+07  1.78e+06 4.18e+01  2.32e+04    10s
   4  -3.63380557e+08  5.74757659e+07  2.29e+05 1.44e-12  3.11e+03    11s
   5  -7.89775914e+06  3.31426905e+07  6.53e+03 1.60e-12  1.16e+02    12s
   6  -9.08754493e+05  8.36098394e+06  1.93e+03 8.76e-13  2.94e+01    12s
   7   5.36513732e+05  5.21912523e+06  7.37e+02 9.82e-13  1.16e+01    13s
   8   8.34913281e+05  3.40693929e+06  2.83e+02 6.82e-13  5.02e+00    14s
   9   8.90526275e+05  2.63106656e+06  1.39e+02 8.05e-13  2.86e+00    15s
  10   9.46427987e+05  2.20786636e+06  8.62e+01 7.18e-13  1.90e+00    15s
  11   1.07235126e+06  1.97720836e+06  4.17e+01 7.39e-13  1.19e+00    16s
  12   1.30081309e+06  1.73264255e+06  1.67e+01 6.58e-13  5.37e-01    17s
  13   1.38949145e+06  1.64140541e+06  9.21e+00 6.16e-13  3.08e-01    18s
  14   1.41993262e+06  1.60578379e+06  7.01e+00 8.04e-13  2.28e-01    18s
  15   1.44733409e+06  1.59862900e+06  5.28e+00 6.82e-13  1.83e-01    19s
  16   1.49090373e+06  1.56978865e+06  2.75e+00 6.06e-13  9.53e-02    20s
  17   1.50812573e+06  1.55822691e+06  1.82e+00 5.84e-13  6.10e-02    20s
  18   1.52054443e+06  1.55437358e+06  1.20e+00 7.15e-13  4.10e-02    21s
  19   1.52531466e+06  1.54899290e+06  9.63e-01 8.15e-13  2.94e-02    22s
  20   1.54104400e+06  1.54597465e+06  2.00e-01 8.33e-13  6.13e-03    22s
  21   1.54287854e+06  1.54577006e+06  1.18e-01 6.82e-13  3.60e-03    23s
  22   1.54312421e+06  1.54571081e+06  1.07e-01 7.89e-13  3.23e-03    24s
  23   1.54361159e+06  1.54557685e+06  8.49e-02 6.25e-13  2.48e-03    24s
  24   1.54510059e+06  1.54553399e+06  1.66e-02 6.83e-13  5.33e-04    25s
  25   1.54526492e+06  1.54550183e+06  9.68e-03 6.82e-13  2.95e-04    26s
  26   1.54539673e+06  1.54549692e+06  3.66e-03 6.82e-13  1.22e-04    26s
  27   1.54548345e+06  1.54549211e+06  2.55e-04 7.46e-13  1.02e-05    27s
  28   1.54548928e+06  1.54549078e+06  3.57e-05 7.03e-13  1.72e-06    28s
  29   1.54549025e+06  1.54549059e+06  6.77e-06 7.56e-13  3.79e-07    29s
  30   1.54549030e+06  1.54549057e+06  5.47e-06 6.71e-13  3.03e-07    30s
  31   1.54549030e+06  1.54549057e+06  5.47e-06 6.89e-13  3.03e-07    31s
  32   1.54549031e+06  1.54549057e+06  5.34e-06 9.06e-13  2.98e-07    31s
  33   1.54549031e+06  1.54549057e+06  5.29e-06 8.17e-13  2.93e-07    32s
  34   1.54549032e+06  1.54549057e+06  5.12e-06 9.33e-13  2.84e-07    33s
  35   1.54549032e+06  1.54549057e+06  5.01e-06 1.02e-12  2.78e-07    34s
  36   1.54549033e+06  1.54549057e+06  4.73e-06 9.09e-13  2.64e-07    35s
  37   1.54549033e+06  1.54549057e+06  4.69e-06 1.22e-12  2.61e-07    36s
  38   1.54549034e+06  1.54549056e+06  4.60e-06 1.01e-12  2.55e-07    37s
  39   1.54549034e+06  1.54549056e+06  4.40e-06 1.16e-12  2.45e-07    38s
  40   1.54549035e+06  1.54549056e+06  4.39e-06 1.01e-12  2.44e-07    40s
  41   1.54549035e+06  1.54549056e+06  4.35e-06 1.32e-12  2.42e-07    41s
  42   1.54549035e+06  1.54549056e+06  4.28e-06 1.33e-12  2.39e-07    42s
  43   1.54549035e+06  1.54549056e+06  4.21e-06 1.23e-12  2.34e-07    43s
  44   1.54549036e+06  1.54549056e+06  4.07e-06 1.09e-12  2.27e-07    44s
  45   1.54549036e+06  1.54549056e+06  4.04e-06 1.23e-12  2.25e-07    45s
  46   1.54549039e+06  1.54549055e+06  3.34e-06 1.12e-12  1.87e-07    46s
  47   1.54549039e+06  1.54549055e+06  3.33e-06 1.15e-12  1.86e-07    47s
  48   1.54549039e+06  1.54549055e+06  3.29e-06 1.28e-12  1.84e-07    48s
  49   1.54549039e+06  1.54549055e+06  3.27e-06 1.20e-12  1.82e-07    49s
  50   1.54549039e+06  1.54549055e+06  3.15e-06 1.47e-12  1.78e-07    50s
  51   1.54549040e+06  1.54549055e+06  3.07e-06 1.34e-12  1.74e-07    51s
  52   1.54549041e+06  1.54549055e+06  2.70e-06 1.32e-12  1.54e-07    52s
  53   1.54549041e+06  1.54549055e+06  2.65e-06 1.41e-12  1.52e-07    54s
  54   1.54549042e+06  1.54549055e+06  2.46e-06 1.29e-12  1.43e-07    55s
  55   1.54549042e+06  1.54549055e+06  2.42e-06 1.42e-12  1.40e-07    56s
  56   1.54549042e+06  1.54549055e+06  2.41e-06 1.41e-12  1.40e-07    57s
  57   1.54549042e+06  1.54549055e+06  2.39e-06 1.35e-12  1.39e-07    59s
  58   1.54549042e+06  1.54549054e+06  2.36e-06 1.35e-12  1.35e-07    60s
  59   1.54549043e+06  1.54549054e+06  2.30e-06 1.39e-12  1.32e-07    61s
  60   1.54549044e+06  1.54549054e+06  1.96e-06 1.36e-12  1.15e-07    63s
  61   1.54549044e+06  1.54549054e+06  1.96e-06 1.45e-12  1.15e-07    64s
  62   1.54549044e+06  1.54549054e+06  1.94e-06 1.46e-12  1.15e-07    65s
  63   1.54549044e+06  1.54549054e+06  1.92e-06 1.56e-12  1.14e-07    67s
  64   1.54549044e+06  1.54549054e+06  1.92e-06 1.52e-12  1.14e-07    67s
  65   1.54549044e+06  1.54549054e+06  1.92e-06 1.62e-12  1.13e-07    68s
  66   1.54549044e+06  1.54549054e+06  1.91e-06 1.63e-12  1.13e-07    69s
  67   1.54549044e+06  1.54549054e+06  1.82e-06 1.39e-12  1.09e-07    69s
  68   1.54549045e+06  1.54549054e+06  1.62e-06 1.50e-12  9.83e-08    70s
  69   1.54549045e+06  1.54549054e+06  1.59e-06 1.64e-12  9.63e-08    71s
  70   1.54549046e+06  1.54549054e+06  1.52e-06 1.48e-12  9.27e-08    71s
  71   1.54549046e+06  1.54549054e+06  1.52e-06 1.61e-12  9.27e-08    72s
  72   1.54549046e+06  1.54549054e+06  1.51e-06 1.49e-12  9.23e-08    73s
  73   1.54549046e+06  1.54549054e+06  1.51e-06 1.64e-12  9.22e-08    73s
  74   1.54549046e+06  1.54549054e+06  1.50e-06 1.65e-12  9.16e-08    74s
  75   1.54549046e+06  1.54549054e+06  1.48e-06 1.54e-12  9.00e-08    74s
  76   1.54549046e+06  1.54549054e+06  1.48e-06 1.69e-12  8.99e-08    75s
  77   1.54549046e+06  1.54549054e+06  1.44e-06 1.68e-12  8.83e-08    76s
  78   1.54549046e+06  1.54549054e+06  1.41e-06 1.70e-12  8.62e-08    76s
  79   1.54549046e+06  1.54549054e+06  1.35e-06 1.68e-12  8.28e-08    77s
  80   1.54549047e+06  1.54549054e+06  1.26e-06 1.61e-12  7.75e-08    78s
  81   1.54549047e+06  1.54549054e+06  1.21e-06 1.59e-12  7.51e-08    78s
  82   1.54549047e+06  1.54549054e+06  1.21e-06 1.82e-12  7.50e-08    79s
  83   1.54549047e+06  1.54549053e+06  1.21e-06 1.64e-12  7.35e-08    79s
  84   1.54549047e+06  1.54549053e+06  1.20e-06 1.78e-12  7.30e-08    80s
  85   1.54549047e+06  1.54549053e+06  1.19e-06 1.66e-12  7.25e-08    81s
  86   1.54549048e+06  1.54549053e+06  1.03e-06 1.58e-12  6.34e-08    81s
  87   1.54549048e+06  1.54549053e+06  1.02e-06 1.52e-12  6.32e-08    82s
  88   1.54549048e+06  1.54549053e+06  1.02e-06 1.71e-12  6.30e-08    82s
  89   1.54549048e+06  1.54549053e+06  1.01e-06 1.71e-12  6.25e-08    83s
  90   1.54549048e+06  1.54549053e+06  9.49e-07 1.50e-12  5.76e-08    83s
  91   1.54549049e+06  1.54549053e+06  7.38e-07 1.19e-12  4.54e-08    84s
  92   1.54549049e+06  1.54549053e+06  7.34e-07 1.22e-12  4.52e-08    85s
  93   1.54549049e+06  1.54549053e+06  7.23e-07 1.48e-12  4.47e-08    85s
  94   1.54549049e+06  1.54549053e+06  7.01e-07 1.29e-12  4.33e-08    86s
  95   1.54549049e+06  1.54549053e+06  6.59e-07 1.41e-12  4.12e-08    86s
  96   1.54549049e+06  1.54549053e+06  6.52e-07 1.35e-12  4.08e-08    87s
  97   1.54549049e+06  1.54549053e+06  6.52e-07 1.66e-12  4.07e-08    87s
  98   1.54549049e+06  1.54549053e+06  6.49e-07 1.55e-12  4.06e-08    88s
  99   1.54549049e+06  1.54549053e+06  6.45e-07 1.45e-12  4.04e-08    88s
 100   1.54549049e+06  1.54549053e+06  6.30e-07 1.57e-12  3.96e-08    89s
 101   1.54549049e+06  1.54549053e+06  6.13e-07 1.63e-12  3.87e-08    90s
 102   1.54549050e+06  1.54549053e+06  6.05e-07 1.54e-12  3.82e-08    90s
 103   1.54549051e+06  1.54549053e+06  3.65e-07 1.65e-12  2.63e-08    91s
 104   1.54549051e+06  1.54549053e+06  3.55e-07 1.69e-12  2.48e-08    91s
 105   1.54549051e+06  1.54549053e+06  3.52e-07 1.18e-12  2.36e-08    92s
 106   1.54549051e+06  1.54549053e+06  3.47e-07 1.31e-12  2.33e-08    92s
 107   1.54549051e+06  1.54549053e+06  2.74e-07 1.26e-12  1.89e-08    93s
 108   1.54549051e+06  1.54549053e+06  2.74e-07 1.42e-12  1.89e-08    94s
 109   1.54549051e+06  1.54549053e+06  2.69e-07 1.31e-12  1.86e-08    95s
 110   1.54549051e+06  1.54549053e+06  2.47e-07 1.22e-12  1.74e-08    95s

Barrier solved model in 110 iterations and 95.31 seconds (29.02 work units)
Optimal objective 1.54549051e+06

Crossover log...

  116522 DPushes remaining with DInf 0.0000000e+00                96s
       0 DPushes remaining with DInf 0.0000000e+00                96s

     109 PPushes remaining with PInf 0.0000000e+00                96s
       0 PPushes remaining with PInf 0.0000000e+00                96s

  Push phase complete: Pinf 0.0000000e+00, Dinf 2.1005087e-09     96s

Crossover time: 1.17 seconds (0.46 work units)

Solved with barrier

Extra simplex iterations from dual to original model: 10
Iteration    Objective       Primal Inf.    Dual Inf.      Time
  108789    1.5454905e+06   0.000000e+00   0.000000e+00     98s

Solved in 108789 iterations and 97.78 seconds (30.47 work units)
Optimal objective  1.545490520e+06
