Writing constraints.:   0%|[38;2;128;191;255m                                                                     [0m| 0/23 [00:00<?, ?it/s][0mWriting constraints.:   4%|[38;2;128;191;255m##6                                                          [0m| 1/23 [00:00<00:02,  7.62it/s][0mWriting constraints.:   9%|[38;2;128;191;255m#####3                                                       [0m| 2/23 [00:00<00:02,  7.13it/s][0mWriting constraints.:  13%|[38;2;128;191;255m#######9                                                     [0m| 3/23 [00:00<00:02,  7.04it/s][0mWriting constraints.:  17%|[38;2;128;191;255m##########6                                                  [0m| 4/23 [00:00<00:02,  6.71it/s][0mWriting constraints.:  22%|[38;2;128;191;255m#############2                                               [0m| 5/23 [00:00<00:02,  6.61it/s][0mWriting constraints.:  26%|[38;2;128;191;255m###############9                                             [0m| 6/23 [00:00<00:02,  7.07it/s][0mWriting constraints.:  43%|[38;2;128;191;255m##########################                                  [0m| 10/23 [00:01<00:01, 11.83it/s][0mWriting constraints.:  87%|[38;2;128;191;255m####################################################1       [0m| 20/23 [00:01<00:00, 25.07it/s][0mWriting constraints.: 100%|[38;2;128;191;255m############################################################[0m| 23/23 [00:01<00:00, 16.21it/s][0mWriting constraints.: 100%|[38;2;128;191;255m############################################################[0m| 23/23 [00:01<00:00, 13.58it/s][0m
Writing continuous variables.:   0%|[38;2;128;191;255m                                                            [0m| 0/11 [00:00<?, ?it/s][0mWriting continuous variables.:  91%|[38;2;128;191;255m##############################################3    [0m| 10/11 [00:00<00:00, 88.79it/s][0mWriting continuous variables.: 100%|[38;2;128;191;255m###################################################[0m| 11/11 [00:00<00:00, 84.46it/s][0m
Set parameter Username
Academic license - for non-commercial use only - expires 2026-12-02
Read LP format model from file C:\Users\onori\AppData\Local\Temp\linopy-problem-ax41mine.lp
Reading time = 2.68 seconds
obj: 876012 rows, 613204 columns, 2232522 nonzeros
Set parameter Presolve to value -1
Gurobi Optimizer version 13.0.0 build v13.0.0rc1 (win64 - Windows 11+.0 (26200.2))

CPU model: 11th Gen Intel(R) Core(TM) i7-11800H @ 2.30GHz, instruction set [SSE2|AVX|AVX2|AVX512]
Thread count: 8 physical cores, 16 logical processors, using up to 16 threads

Optimize a model with 876012 rows, 613204 columns and 2232522 nonzeros (Min)
Model fingerprint: 0xe4d07582
Model has 262804 linear objective coefficients
Coefficient statistics:
  Matrix range     [1e-05, 4e+00]
  Objective range  [6e-07, 8e+02]
  Bounds range     [0e+00, 0e+00]
  RHS range        [1e+00, 3e+02]
Presolve removed 265371 rows and 290360 columns
Presolve time: 3.29s
Presolved: 217724 rows, 698238 columns, 2007111 nonzeros

Concurrent LP optimizer: primal simplex, dual simplex, and barrier
Showing barrier log only...

Ordering time: 0.14s

Barrier statistics:
 AA' NZ     : 9.134e+05
 Factor NZ  : 3.494e+06 (roughly 400 MB of memory)
 Factor Ops : 7.453e+07 (less than 1 second per iteration)
 Threads    : 1

                  Objective                Residual
Iter       Primal          Dual         Primal    Dual     Compl     Time
   0   2.55698835e+06  2.55698835e+06  1.70e+07 1.56e+02  1.11e+05     5s
   1  -4.96354570e+08  1.78889393e+07  4.38e+06 2.21e+02  3.82e+04     6s
   2  -6.19594896e+08  5.12783513e+07  1.91e+06 7.51e+01  1.67e+04     6s
   3  -3.96135709e+08  6.79570815e+07  4.48e+05 1.16e+00  3.64e+03     7s
   4  -7.83871095e+05  4.63021275e+07  1.59e+03 7.96e-13  5.43e+01     7s
   5   5.60185813e+05  6.71268032e+06  6.50e+02 7.39e-13  9.11e+00     8s
   6   6.93688457e+05  4.34089440e+06  4.52e+02 6.82e-13  5.48e+00     8s
   7   8.53935329e+05  3.33044275e+06  2.17e+02 6.25e-13  3.24e+00     9s
   8   9.58863162e+05  2.70291725e+06  1.05e+02 7.11e-13  2.05e+00     9s
   9   1.16192687e+06  2.20002073e+06  3.77e+01 5.93e-13  1.10e+00    10s
  10   1.26440123e+06  2.01873014e+06  2.69e+01 7.39e-13  7.92e-01    10s
  11   1.32640239e+06  1.92268051e+06  2.21e+01 7.11e-13  6.28e-01    11s
  12   1.39981189e+06  1.86620901e+06  1.71e+01 6.39e-13  4.90e-01    11s
  13   1.46530340e+06  1.84887265e+06  1.33e+01 6.82e-13  4.00e-01    12s
  14   1.57602330e+06  1.82581134e+06  7.60e+00 7.25e-13  2.57e-01    12s
  15   1.62087916e+06  1.79230219e+06  5.47e+00 6.63e-13  1.77e-01    13s
  16   1.66905477e+06  1.77673461e+06  3.34e+00 6.64e-13  1.11e-01    13s
  17   1.69323730e+06  1.76429809e+06  2.34e+00 6.71e-13  7.39e-02    14s
  18   1.70619991e+06  1.75860128e+06  1.77e+00 5.97e-13  5.46e-02    14s
  19   1.71389828e+06  1.75597975e+06  1.45e+00 6.96e-13  4.40e-02    15s
  20   1.72175884e+06  1.75390743e+06  1.12e+00 7.39e-13  3.37e-02    15s
  21   1.73036518e+06  1.75209921e+06  7.80e-01 5.90e-13  2.28e-02    15s
  22   1.73911706e+06  1.75077034e+06  4.25e-01 5.83e-13  1.23e-02    16s
  23   1.74291901e+06  1.74971531e+06  2.58e-01 6.15e-13  7.20e-03    17s
  24   1.74821020e+06  1.74931347e+06  3.72e-02 6.25e-13  1.15e-03    17s
  25   1.74869895e+06  1.74921857e+06  1.85e-02 6.04e-13  5.46e-04    17s
  26   1.74910079e+06  1.74920129e+06  3.08e-03 6.11e-13  1.04e-04    18s
  27   1.74911040e+06  1.74919935e+06  2.75e-03 6.39e-13  9.19e-05    18s
  28   1.74914708e+06  1.74919261e+06  1.49e-03 6.56e-13  4.73e-05    19s
  29   1.74918587e+06  1.74919173e+06  1.87e-04 6.54e-13  6.07e-06    19s
  30   1.74919023e+06  1.74919148e+06  3.50e-05 6.47e-13  1.28e-06    20s
  31   1.74919046e+06  1.74919145e+06  2.78e-05 5.97e-13  1.02e-06    20s
  32   1.74919049e+06  1.74919145e+06  2.68e-05 6.89e-13  9.83e-07    21s
  33   1.74919051e+06  1.74919145e+06  2.62e-05 8.38e-13  9.63e-07    21s
  34   1.74919054e+06  1.74919144e+06  2.51e-05 8.92e-13  9.22e-07    22s
  35   1.74919073e+06  1.74919142e+06  1.92e-05 8.10e-13  7.04e-07    23s
  36   1.74919077e+06  1.74919142e+06  1.80e-05 8.67e-13  6.61e-07    24s
  37   1.74919082e+06  1.74919141e+06  1.64e-05 8.60e-13  6.04e-07    24s
  38   1.74919083e+06  1.74919141e+06  1.61e-05 9.17e-13  5.92e-07    25s
  39   1.74919086e+06  1.74919141e+06  1.52e-05 1.03e-12  5.61e-07    26s
  40   1.74919086e+06  1.74919141e+06  1.52e-05 1.10e-12  5.61e-07    26s
  41   1.74919086e+06  1.74919141e+06  1.52e-05 1.19e-12  5.60e-07    27s
  42   1.74919086e+06  1.74919141e+06  1.52e-05 1.19e-12  5.58e-07    28s
  43   1.74919087e+06  1.74919141e+06  1.48e-05 1.24e-12  5.46e-07    29s
  44   1.74919088e+06  1.74919141e+06  1.46e-05 1.17e-12  5.39e-07    30s
  45   1.74919091e+06  1.74919140e+06  1.39e-05 1.20e-12  5.09e-07    30s
  46   1.74919091e+06  1.74919140e+06  1.37e-05 1.17e-12  5.03e-07    31s
  47   1.74919092e+06  1.74919140e+06  1.34e-05 1.22e-12  4.91e-07    32s
  48   1.74919094e+06  1.74919140e+06  1.29e-05 1.17e-12  4.74e-07    32s
  49   1.74919094e+06  1.74919140e+06  1.28e-05 1.19e-12  4.70e-07    33s
  50   1.74919095e+06  1.74919140e+06  1.26e-05 1.30e-12  4.64e-07    34s
  51   1.74919097e+06  1.74919140e+06  1.19e-05 1.17e-12  4.39e-07    35s
  52   1.74919099e+06  1.74919139e+06  1.12e-05 1.18e-12  4.11e-07    36s
  53   1.74919102e+06  1.74919139e+06  1.02e-05 1.19e-12  3.74e-07    36s
  54   1.74919106e+06  1.74919138e+06  9.13e-06 1.01e-12  3.33e-07    37s
  55   1.74919115e+06  1.74919137e+06  6.40e-06 8.99e-13  2.34e-07    37s
  56   1.74919119e+06  1.74919137e+06  4.91e-06 8.90e-13  1.81e-07    38s
  57   1.74919121e+06  1.74919136e+06  4.32e-06 6.22e-13  1.54e-07    39s
  58   1.74919122e+06  1.74919136e+06  4.14e-06 8.53e-13  1.47e-07    39s
  59   1.74919124e+06  1.74919136e+06  3.57e-06 7.96e-13  1.27e-07    40s
  60   1.74919131e+06  1.74919135e+06  1.27e-06 6.75e-13  4.32e-08    41s
  61   1.74919133e+06  1.74919135e+06  7.08e-07 6.71e-13  2.42e-08    41s
  62   1.74919135e+06  1.74919135e+06  5.10e-08 6.71e-13  1.74e-09    42s

Barrier solved model in 62 iterations and 41.99 seconds (16.71 work units)
Optimal objective 1.74919135e+06

Crossover log...

   71476 DPushes remaining with DInf 0.0000000e+00                42s
       0 DPushes remaining with DInf 0.0000000e+00                43s

      83 PPushes remaining with PInf 0.0000000e+00                43s
       0 PPushes remaining with PInf 0.0000000e+00                43s

  Push phase complete: Pinf 0.0000000e+00, Dinf 2.3839830e-09     43s

Crossover time: 1.17 seconds (0.53 work units)

Solved with barrier
Iteration    Objective       Primal Inf.    Dual Inf.      Time
   71562    1.7491914e+06   0.000000e+00   0.000000e+00     44s

Solved in 71562 iterations and 44.13 seconds (17.68 work units)
Optimal objective  1.749191354e+06
