Writing constraints.:   0%|[38;2;128;191;255m                                                                     [0m| 0/12 [00:00<?, ?it/s][0mWriting constraints.:  25%|[38;2;128;191;255m###############2                                             [0m| 3/12 [00:00<00:00, 26.85it/s][0mWriting constraints.:  58%|[38;2;128;191;255m###################################5                         [0m| 7/12 [00:00<00:00, 33.76it/s][0mWriting constraints.: 100%|[38;2;128;191;255m############################################################[0m| 12/12 [00:00<00:00, 39.77it/s][0mWriting constraints.: 100%|[38;2;128;191;255m############################################################[0m| 12/12 [00:00<00:00, 37.29it/s][0m
Writing continuous variables.:   0%|[38;2;128;191;255m                                                            [0m| 0/10 [00:00<?, ?it/s][0mWriting continuous variables.: 100%|[38;2;128;191;255m##################################################[0m| 10/10 [00:00<00:00, 153.79it/s][0m
Set parameter Username
Academic license - for non-commercial use only - expires 2026-12-02
Read LP format model from file C:\Users\onori\AppData\Local\Temp\linopy-problem-tghfocgj.lp
Reading time = 0.23 seconds
obj: 78842 rows, 61323 columns, 205734 nonzeros
Set parameter Presolve to value -1
Gurobi Optimizer version 13.0.0 build v13.0.0rc1 (win64 - Windows 11+.0 (26200.2))

CPU model: 11th Gen Intel(R) Core(TM) i7-11800H @ 2.30GHz, instruction set [SSE2|AVX|AVX2|AVX512]
Thread count: 8 physical cores, 16 logical processors, using up to 16 threads

Optimize a model with 78842 rows, 61323 columns and 205734 nonzeros (Min)
Model fingerprint: 0xa7a9dff6
Model has 26283 linear objective coefficients
Coefficient statistics:
  Matrix range     [1e-05, 3e+00]
  Objective range  [1e-04, 7e+01]
  Bounds range     [0e+00, 0e+00]
  RHS range        [1e+00, 3e+02]
Presolve removed 22031 rows and 29037 columns
Presolve time: 0.35s
Presolved: 21774 rows, 65570 columns, 192202 nonzeros

Concurrent LP optimizer: primal simplex, dual simplex, and barrier
Showing barrier log only...

Ordering time: 0.01s

Barrier statistics:
 AA' NZ     : 8.332e+04
 Factor NZ  : 3.557e+05 (roughly 40 MB of memory)
 Factor Ops : 6.963e+06 (less than 1 second per iteration)
 Threads    : 1

                  Objective                Residual
Iter       Primal          Dual         Primal    Dual     Compl     Time
   0  -1.44659556e+07  2.95639458e+05  4.23e+05 2.03e+02  5.53e+04     1s
   1  -3.66685478e+07  4.19892865e+06  1.65e+05 1.97e+02  2.34e+04     1s
   2  -3.67534521e+07  5.51060278e+06  1.52e+05 1.00e+02  1.90e+04     1s
   3  -3.27732307e+07  6.35088346e+06  7.26e+04 4.17e+01  9.47e+03     1s
   4  -1.46178611e+07  5.78338267e+06  9.33e+03 7.39e-13  1.28e+03     1s
   5  -4.40444154e+05  1.83574023e+06  4.73e+02 7.96e-13  7.53e+01     1s
   6   3.82844874e+02  9.08354759e+05  1.63e+02 6.82e-13  2.56e+01     1s
   7   9.47328066e+04  5.74175194e+05  6.96e+01 5.68e-13  1.11e+01     1s
   8   1.11025771e+05  3.68170992e+05  2.43e+01 5.12e-13  4.60e+00     1s
   9   1.20443183e+05  2.88830141e+05  1.29e+01 5.74e-13  2.67e+00     1s
  10   1.40022260e+05  2.53608910e+05  7.41e+00 6.74e-13  1.65e+00     1s
  11   1.70192678e+05  2.29423641e+05  2.59e+00 5.89e-13  7.59e-01     1s
  12   1.82358083e+05  2.15676860e+05  1.24e+00 5.68e-13  4.10e-01     1s
  13   1.87669789e+05  2.09357480e+05  7.82e-01 5.83e-13  2.64e-01     1s
  14   1.92576637e+05  2.04871272e+05  4.22e-01 5.54e-13  1.48e-01     1s
  15   1.96370240e+05  2.02728569e+05  2.05e-01 4.97e-13  7.59e-02     1s
  16   1.97850669e+05  2.01250208e+05  1.25e-01 4.90e-13  4.15e-02     1s
  17   1.99499301e+05  2.00629678e+05  4.12e-02 5.30e-13  1.38e-02     1s
  18   2.00051552e+05  2.00457843e+05  1.43e-02 5.33e-13  4.91e-03     1s
  19   2.00338573e+05  2.00393789e+05  4.78e-04 5.19e-13  5.79e-04     1s
  20   2.00347753e+05  2.00366872e+05  2.47e-04 6.11e-13  2.05e-04     1s
  21   2.00356328e+05  2.00361316e+05  3.05e-05 5.83e-13  5.15e-05     1s
  22   2.00357664e+05  2.00358539e+05  5.49e-06 5.40e-13  9.05e-06     1s
  23   2.00357999e+05  2.00358040e+05  2.99e-08 5.54e-13  4.06e-07     1s
  24   2.00358003e+05  2.00358035e+05  2.33e-08 6.82e-13  3.25e-07     2s
  25   2.00358013e+05  2.00358018e+05  6.21e-09 6.67e-13  4.78e-08     2s
  26   2.00358016e+05  2.00358016e+05  2.67e-11 6.82e-13  2.99e-11     2s

Barrier solved model in 26 iterations and 1.65 seconds (0.78 work units)
Optimal objective 2.00358016e+05

Crossover log...

    6688 DPushes remaining with DInf 0.0000000e+00                 2s
       0 DPushes remaining with DInf 0.0000000e+00                 2s

       3 PPushes remaining with PInf 0.0000000e+00                 2s
       0 PPushes remaining with PInf 0.0000000e+00                 2s

  Push phase complete: Pinf 0.0000000e+00, Dinf 1.3509281e+02      2s

Iteration    Objective       Primal Inf.    Dual Inf.      Time
    6520    2.0035802e+05   0.000000e+00   1.350928e+02      2s
Crossover time: 0.18 seconds (0.03 work units)

Solved with barrier
    6526    2.0035802e+05   0.000000e+00   0.000000e+00      2s

Solved in 6526 iterations and 1.96 seconds (0.84 work units)
Optimal objective  2.003580165e+05
