Writing constraints.:   0%|[38;2;128;191;255m                                                                     [0m| 0/21 [00:00<?, ?it/s][0mWriting constraints.:   5%|[38;2;128;191;255m##9                                                          [0m| 1/21 [00:00<00:03,  5.02it/s][0mWriting constraints.:  10%|[38;2;128;191;255m#####8                                                       [0m| 2/21 [00:00<00:05,  3.18it/s][0mWriting constraints.:  14%|[38;2;128;191;255m########7                                                    [0m| 3/21 [00:01<00:07,  2.57it/s][0mWriting constraints.:  19%|[38;2;128;191;255m###########6                                                 [0m| 4/21 [00:01<00:06,  2.67it/s][0mWriting constraints.:  24%|[38;2;128;191;255m##############5                                              [0m| 5/21 [00:01<00:06,  2.65it/s][0mWriting constraints.:  33%|[38;2;128;191;255m####################3                                        [0m| 7/21 [00:02<00:04,  3.03it/s][0mWriting constraints.:  67%|[38;2;128;191;255m########################################                    [0m| 14/21 [00:02<00:00,  9.62it/s][0mWriting constraints.:  81%|[38;2;128;191;255m################################################5           [0m| 17/21 [00:02<00:00,  9.32it/s][0mWriting constraints.:  90%|[38;2;128;191;255m######################################################2     [0m| 19/21 [00:03<00:00,  7.11it/s][0mWriting constraints.: 100%|[38;2;128;191;255m############################################################[0m| 21/21 [00:03<00:00,  5.63it/s][0mWriting constraints.: 100%|[38;2;128;191;255m############################################################[0m| 21/21 [00:03<00:00,  5.36it/s][0m
Writing continuous variables.:   0%|[38;2;128;191;255m                                                            [0m| 0/11 [00:00<?, ?it/s][0mWriting continuous variables.:  55%|[38;2;128;191;255m############################3                       [0m| 6/11 [00:00<00:00, 51.28it/s][0mWriting continuous variables.: 100%|[38;2;128;191;255m###################################################[0m| 11/11 [00:00<00:00, 36.26it/s][0m
Set parameter Username
Academic license - for non-commercial use only - expires 2026-12-02
Read LP format model from file C:\Users\onori\AppData\Local\Temp\linopy-problem-ag2pukyp.lp
Reading time = 5.85 seconds
obj: 1489210 rows, 1138806 columns, 3699173 nonzeros
Set parameter Presolve to value -1
Gurobi Optimizer version 13.0.0 build v13.0.0rc1 (win64 - Windows 11+.0 (26200.2))

CPU model: 11th Gen Intel(R) Core(TM) i7-11800H @ 2.30GHz, instruction set [SSE2|AVX|AVX2|AVX512]
Thread count: 8 physical cores, 16 logical processors, using up to 16 threads

Optimize a model with 1489210 rows, 1138806 columns and 3699173 nonzeros (Min)
Model fingerprint: 0x5615e93d
Model has 613206 linear objective coefficients
Coefficient statistics:
  Matrix range     [1e-05, 3e+00]
  Objective range  [6e-07, 6e+02]
  Bounds range     [0e+00, 0e+00]
  RHS range        [1e+00, 5e+02]
Presolve removed 702090 rows and 589915 columns
Presolve time: 6.02s
Presolved: 435011 rows, 1004399 columns, 3208371 nonzeros

Concurrent LP optimizer: primal simplex, dual simplex, and barrier
Showing barrier log only...

Ordering time: 0.56s

Barrier statistics:
 AA' NZ     : 2.497e+06
 Factor NZ  : 6.380e+06 (roughly 600 MB of memory)
 Factor Ops : 1.085e+08 (less than 1 second per iteration)
 Threads    : 1

                  Objective                Residual
Iter       Primal          Dual         Primal    Dual     Compl     Time
   0  -1.34537842e+10  2.15947206e+06  1.18e+07 1.79e+02  2.16e+05    11s
   1  -9.41373070e+09  5.37837915e+07  5.34e+06 3.50e+02  9.66e+04    12s
   2  -8.46290674e+09  7.74936429e+07  4.45e+06 1.71e+02  7.31e+04    13s
   3  -4.54356434e+09  9.35591662e+07  1.67e+06 5.13e+01  2.96e+04    14s
   4  -1.09972578e+09  9.48320069e+07  2.46e+05 5.64e+00  4.76e+03    14s
   5  -2.55370364e+07  5.66350521e+07  4.97e+03 2.16e-12  1.30e+02    15s
   6  -2.49524150e+06  1.33631701e+07  6.64e+02 2.27e-12  1.85e+01    16s
   7  -4.07670341e+05  7.57271697e+06  2.26e+02 2.73e-12  7.07e+00    17s
   8   3.92455468e+05  3.93169555e+06  5.78e+01 1.14e-12  2.55e+00    18s
   9   6.58956314e+05  2.57202509e+06  2.65e+01 1.25e-12  1.29e+00    19s
  10   7.97062977e+05  2.36482775e+06  1.71e+01 1.31e-12  1.03e+00    20s
  11   8.64899800e+05  2.31119163e+06  1.34e+01 1.19e-12  9.44e-01    21s
  12   9.27804775e+05  2.06177315e+06  1.08e+01 9.66e-13  7.36e-01    22s
  13   1.01483360e+06  2.02014785e+06  7.35e+00 9.09e-13  6.45e-01    23s
  14   1.04119920e+06  1.86016194e+06  6.48e+00 6.82e-13  5.24e-01    24s
  15   1.07023919e+06  1.87897451e+06  5.68e+00 8.24e-13  5.16e-01    26s
  16   1.13125312e+06  1.73924027e+06  4.19e+00 7.67e-13  3.87e-01    27s
  17   1.22493237e+06  1.66882993e+06  2.93e+00 4.69e-13  2.82e-01    28s
  18   1.24711166e+06  1.64468164e+06  2.58e+00 4.25e-13  2.52e-01    30s
  19   1.28498492e+06  1.59597840e+06  2.00e+00 4.55e-13  1.97e-01    31s
  20   1.31488323e+06  1.57352734e+06  1.59e+00 4.55e-13  1.63e-01    32s
  21   1.34158690e+06  1.55257241e+06  1.22e+00 3.77e-13  1.33e-01    33s
  22   1.35586474e+06  1.54069144e+06  1.02e+00 4.13e-13  1.16e-01    34s
  23   1.36733477e+06  1.52439123e+06  8.65e-01 3.41e-13  9.88e-02    35s
  24   1.37087622e+06  1.53039779e+06  8.28e-01 3.41e-13  1.00e-01    36s
  25   1.37184274e+06  1.52501361e+06  8.15e-01 4.55e-13  9.63e-02    37s
  26   1.37581040e+06  1.51752345e+06  7.63e-01 3.02e-13  8.91e-02    38s
  27   1.37790804e+06  1.51320144e+06  7.37e-01 3.16e-13  8.50e-02    39s
  28   1.38264423e+06  1.50875374e+06  6.82e-01 3.64e-13  7.92e-02    40s
  29   1.38622129e+06  1.50455467e+06  6.44e-01 3.83e-13  7.43e-02    41s
  30   1.38979091e+06  1.50190845e+06  6.08e-01 3.04e-13  7.04e-02    42s
  31   1.39204631e+06  1.49997037e+06  5.85e-01 3.41e-13  6.78e-02    43s
  32   1.39596636e+06  1.49672618e+06  5.48e-01 3.00e-13  6.33e-02    44s
  33   1.39982230e+06  1.49336070e+06  5.11e-01 3.56e-13  5.87e-02    45s
  34   1.40205500e+06  1.49125560e+06  4.91e-01 3.41e-13  5.60e-02    47s
  35   1.40322845e+06  1.48968696e+06  4.80e-01 3.66e-13  5.43e-02    48s
  36   1.40420466e+06  1.48847350e+06  4.71e-01 3.41e-13  5.29e-02    50s
  37   1.40770416e+06  1.48712706e+06  4.40e-01 3.41e-13  4.99e-02    51s
  38   1.41036658e+06  1.48509814e+06  4.16e-01 3.41e-13  4.69e-02    53s
  39   1.41124721e+06  1.48419933e+06  4.08e-01 4.55e-13  4.58e-02    54s
  40   1.41207181e+06  1.48340936e+06  4.01e-01 4.55e-13  4.48e-02    55s
  41   1.41307608e+06  1.48236606e+06  3.92e-01 4.55e-13  4.35e-02    56s
  42   1.41410255e+06  1.48107586e+06  3.83e-01 4.55e-13  4.21e-02    58s
  43   1.41476722e+06  1.48052830e+06  3.77e-01 4.55e-13  4.13e-02    59s
  44   1.41924426e+06  1.47893424e+06  3.36e-01 4.55e-13  3.75e-02    60s
  45   1.41980065e+06  1.47828487e+06  3.32e-01 4.55e-13  3.67e-02    62s
  46   1.42135342e+06  1.47749707e+06  3.18e-01 4.55e-13  3.52e-02    63s
  47   1.42433442e+06  1.47632491e+06  2.91e-01 4.55e-13  3.26e-02    64s
  48   1.42588841e+06  1.47506472e+06  2.77e-01 4.55e-13  3.09e-02    65s
  49   1.42629716e+06  1.47451131e+06  2.74e-01 4.55e-13  3.03e-02    66s
  50   1.42704404e+06  1.47364598e+06  2.67e-01 4.55e-13  2.92e-02    67s
  51   1.42744058e+06  1.47317804e+06  2.64e-01 4.55e-13  2.87e-02    68s
  52   1.42912792e+06  1.47206415e+06  2.49e-01 4.55e-13  2.69e-02    69s
  53   1.43025438e+06  1.47162641e+06  2.39e-01 4.55e-13  2.60e-02    70s
  54   1.43143736e+06  1.47056803e+06  2.28e-01 4.55e-13  2.46e-02    71s
  55   1.43190977e+06  1.47019979e+06  2.24e-01 4.55e-13  2.40e-02    72s
  56   1.43492645e+06  1.46923583e+06  1.97e-01 4.55e-13  2.15e-02    73s
  57   1.43566152e+06  1.46868358e+06  1.90e-01 4.55e-13  2.07e-02    75s
  58   1.43668552e+06  1.46806405e+06  1.81e-01 4.55e-13  1.97e-02    77s
  59   1.43735518e+06  1.46747750e+06  1.75e-01 4.55e-13  1.89e-02    80s
  60   1.43779558e+06  1.46737038e+06  1.71e-01 4.55e-13  1.86e-02    82s
  61   1.43832575e+06  1.46684271e+06  1.66e-01 4.55e-13  1.79e-02    85s
  62   1.43979033e+06  1.46643122e+06  1.53e-01 4.55e-13  1.67e-02    87s
  63   1.44001793e+06  1.46599935e+06  1.51e-01 4.55e-13  1.63e-02    88s
  64   1.44054829e+06  1.46570730e+06  1.46e-01 4.55e-13  1.58e-02    90s
  65   1.44163507e+06  1.46540012e+06  1.37e-01 4.55e-13  1.49e-02    91s
  66   1.44298742e+06  1.46479960e+06  1.24e-01 4.55e-13  1.37e-02    92s
  67   1.44343767e+06  1.46430336e+06  1.21e-01 4.55e-13  1.31e-02    94s
  68   1.44371116e+06  1.46384183e+06  1.18e-01 5.12e-13  1.26e-02    95s
  69   1.44406073e+06  1.46378051e+06  1.15e-01 5.12e-13  1.24e-02    96s
  70   1.44453469e+06  1.46344006e+06  1.11e-01 4.55e-13  1.19e-02    98s
  71   1.44472558e+06  1.46332230e+06  1.09e-01 5.12e-13  1.17e-02    99s
  72   1.44489243e+06  1.46320886e+06  1.08e-01 4.55e-13  1.15e-02   100s
  73   1.44558765e+06  1.46301983e+06  1.02e-01 5.68e-13  1.09e-02   101s
  74   1.44603416e+06  1.46270967e+06  9.77e-02 5.12e-13  1.05e-02   103s
  75   1.44651076e+06  1.46240650e+06  9.35e-02 5.68e-13  9.97e-03   104s
  76   1.44668865e+06  1.46218595e+06  9.19e-02 4.55e-13  9.72e-03   105s
  77   1.44764626e+06  1.46193486e+06  8.33e-02 5.68e-13  8.96e-03   106s
  78   1.44790592e+06  1.46182017e+06  8.11e-02 4.55e-13  8.72e-03   107s
  79   1.44831268e+06  1.46142849e+06  7.75e-02 5.68e-13  8.22e-03   108s
  80   1.44867360e+06  1.46122150e+06  7.44e-02 5.68e-13  7.87e-03   110s
  81   1.44903217e+06  1.46100951e+06  7.12e-02 4.55e-13  7.51e-03   111s
  82   1.44992340e+06  1.46070385e+06  6.35e-02 4.55e-13  6.76e-03   112s
  83   1.45007063e+06  1.46056383e+06  6.22e-02 4.55e-13  6.58e-03   114s
  84   1.45041585e+06  1.46038500e+06  5.93e-02 4.55e-13  6.25e-03   115s
  85   1.45068969e+06  1.46029897e+06  5.69e-02 4.55e-13  6.02e-03   116s
  86   1.45084081e+06  1.46016762e+06  5.56e-02 4.55e-13  5.85e-03   117s
  87   1.45093898e+06  1.46005878e+06  5.48e-02 4.55e-13  5.72e-03   118s
  88   1.45127342e+06  1.45994752e+06  5.19e-02 4.55e-13  5.44e-03   119s
  89   1.45160816e+06  1.45978797e+06  4.90e-02 4.55e-13  5.13e-03   121s
  90   1.45175359e+06  1.45973351e+06  4.78e-02 4.55e-13  5.00e-03   121s
  91   1.45191316e+06  1.45964761e+06  4.65e-02 4.55e-13  4.85e-03   122s
  92   1.45207810e+06  1.45954926e+06  4.51e-02 4.55e-13  4.68e-03   124s
  93   1.45218510e+06  1.45941176e+06  4.42e-02 4.55e-13  4.53e-03   125s
  94   1.45249996e+06  1.45931614e+06  4.15e-02 4.55e-13  4.27e-03   126s
  95   1.45281887e+06  1.45917010e+06  3.88e-02 4.55e-13  3.98e-03   128s
  96   1.45293969e+06  1.45910268e+06  3.79e-02 4.55e-13  3.86e-03   129s
  97   1.45320604e+06  1.45901280e+06  3.57e-02 4.55e-13  3.64e-03   131s
  98   1.45337774e+06  1.45893350e+06  3.42e-02 4.55e-13  3.48e-03   132s
  99   1.45359137e+06  1.45880017e+06  3.24e-02 4.55e-13  3.27e-03   133s
 100   1.45369414e+06  1.45875907e+06  3.16e-02 4.55e-13  3.18e-03   134s
 101   1.45385165e+06  1.45869912e+06  3.03e-02 5.68e-13  3.04e-03   136s
 102   1.45404403e+06  1.45863209e+06  2.87e-02 5.68e-13  2.88e-03   137s
 103   1.45411484e+06  1.45860116e+06  2.81e-02 5.68e-13  2.81e-03   138s
 104   1.45425871e+06  1.45854948e+06  2.69e-02 5.68e-13  2.69e-03   139s
 105   1.45436013e+06  1.45848847e+06  2.61e-02 5.68e-13  2.59e-03   141s
 106   1.45447807e+06  1.45842969e+06  2.52e-02 5.68e-13  2.48e-03   142s
 107   1.45472895e+06  1.45831907e+06  2.31e-02 4.55e-13  2.25e-03   144s
 108   1.45479342e+06  1.45827009e+06  2.26e-02 5.68e-13  2.18e-03   145s
 109   1.45501855e+06  1.45820351e+06  2.07e-02 4.55e-13  2.00e-03   146s
 110   1.45509869e+06  1.45817301e+06  2.01e-02 4.55e-13  1.93e-03   148s
 111   1.45522109e+06  1.45807122e+06  1.91e-02 4.55e-13  1.79e-03   149s
 112   1.45528098e+06  1.45804143e+06  1.86e-02 3.41e-13  1.73e-03   150s
 113   1.45541513e+06  1.45800950e+06  1.75e-02 4.55e-13  1.63e-03   151s
 114   1.45546135e+06  1.45798521e+06  1.72e-02 4.55e-13  1.58e-03   152s
 115   1.45558181e+06  1.45794645e+06  1.62e-02 4.55e-13  1.48e-03   153s
 116   1.45566378e+06  1.45790040e+06  1.55e-02 4.55e-13  1.40e-03   154s
 117   1.45574013e+06  1.45787538e+06  1.49e-02 4.55e-13  1.34e-03   155s
 118   1.45579336e+06  1.45787101e+06  1.45e-02 4.55e-13  1.30e-03   156s
 119   1.45580976e+06  1.45786331e+06  1.44e-02 3.41e-13  1.29e-03   157s
 120   1.45583751e+06  1.45784301e+06  1.41e-02 4.55e-13  1.26e-03   158s
 121   1.45588217e+06  1.45781859e+06  1.38e-02 4.55e-13  1.22e-03   159s
 122   1.45594861e+06  1.45781467e+06  1.33e-02 6.82e-13  1.17e-03   160s
 123   1.45599045e+06  1.45780871e+06  1.29e-02 4.55e-13  1.14e-03   162s
 124   1.45601533e+06  1.45778687e+06  1.27e-02 4.55e-13  1.11e-03   163s
 125   1.45607279e+06  1.45777351e+06  1.23e-02 6.82e-13  1.07e-03   164s
 126   1.45609745e+06  1.45777187e+06  1.21e-02 4.55e-13  1.05e-03   165s
 127   1.45611482e+06  1.45777132e+06  1.19e-02 4.55e-13  1.04e-03   165s
 128   1.45614982e+06  1.45776038e+06  1.17e-02 4.55e-13  1.01e-03   166s
 129   1.45619844e+06  1.45775274e+06  1.13e-02 4.55e-13  9.76e-04   168s
 130   1.45626252e+06  1.45773951e+06  1.08e-02 4.55e-13  9.27e-04   169s
 131   1.45627801e+06  1.45773667e+06  1.07e-02 4.55e-13  9.16e-04   170s
 132   1.45631224e+06  1.45773199e+06  1.04e-02 6.82e-13  8.91e-04   171s
 133   1.45632686e+06  1.45772658e+06  1.03e-02 4.55e-13  8.79e-04   172s
 134   1.45635814e+06  1.45771757e+06  1.01e-02 4.55e-13  8.54e-04   173s
 135   1.45639314e+06  1.45771189e+06  9.79e-03 6.82e-13  8.28e-04   174s
 136   1.45643120e+06  1.45770407e+06  9.47e-03 4.55e-13  7.99e-04   176s
 137   1.45645210e+06  1.45770053e+06  9.30e-03 4.55e-13  7.84e-04   177s
 138   1.45649703e+06  1.45768876e+06  8.97e-03 4.55e-13  7.48e-04   178s
 139   1.45654182e+06  1.45768509e+06  8.59e-03 4.55e-13  7.18e-04   179s
 140   1.45657415e+06  1.45768004e+06  8.36e-03 4.55e-13  6.95e-04   180s
 141   1.45662747e+06  1.45767080e+06  7.91e-03 4.55e-13  6.55e-04   182s
 142   1.45664562e+06  1.45766699e+06  7.76e-03 4.55e-13  6.42e-04   183s
 143   1.45666976e+06  1.45766202e+06  7.56e-03 4.55e-13  6.23e-04   184s
 144   1.45668837e+06  1.45765805e+06  7.41e-03 4.55e-13  6.09e-04   185s
 145   1.45672353e+06  1.45765430e+06  7.12e-03 4.55e-13  5.85e-04   186s
 146   1.45673357e+06  1.45765276e+06  7.04e-03 4.55e-13  5.77e-04   188s
 147   1.45675402e+06  1.45765051e+06  6.89e-03 4.55e-13  5.63e-04   189s
 148   1.45677280e+06  1.45764866e+06  6.74e-03 4.55e-13  5.50e-04   190s
 149   1.45680369e+06  1.45764590e+06  6.47e-03 5.12e-13  5.29e-04   191s
 150   1.45681129e+06  1.45764548e+06  6.41e-03 6.82e-13  5.24e-04   192s
 151   1.45683189e+06  1.45764288e+06  6.24e-03 6.82e-13  5.09e-04   193s
 152   1.45684912e+06  1.45764166e+06  6.10e-03 4.55e-13  4.98e-04   194s
 153   1.45689054e+06  1.45763777e+06  5.79e-03 4.55e-13  4.69e-04   195s
 154   1.45689277e+06  1.45763685e+06  5.77e-03 4.55e-13  4.67e-04   196s
 155   1.45690283e+06  1.45763359e+06  5.69e-03 3.41e-13  4.59e-04   197s
 156   1.45691766e+06  1.45763211e+06  5.57e-03 3.41e-13  4.49e-04   198s
 157   1.45695128e+06  1.45763077e+06  5.30e-03 3.41e-13  4.27e-04   200s
 158   1.45696528e+06  1.45762923e+06  5.19e-03 4.55e-13  4.17e-04   201s
 159   1.45698942e+06  1.45762738e+06  5.01e-03 4.55e-13  4.01e-04   202s
 160   1.45702312e+06  1.45762516e+06  4.73e-03 4.55e-13  3.78e-04   203s
 161   1.45702588e+06  1.45762420e+06  4.71e-03 4.55e-13  3.76e-04   204s
 162   1.45704254e+06  1.45762362e+06  4.57e-03 4.55e-13  3.65e-04   205s
 163   1.45705721e+06  1.45762257e+06  4.46e-03 3.41e-13  3.55e-04   206s
 164   1.45709237e+06  1.45762029e+06  4.17e-03 3.41e-13  3.32e-04   208s
 165   1.45709828e+06  1.45761907e+06  4.12e-03 2.42e-13  3.27e-04   209s
 166   1.45711771e+06  1.45761706e+06  3.97e-03 3.41e-13  3.14e-04   210s
 167   1.45713736e+06  1.45761695e+06  3.81e-03 4.55e-13  3.01e-04   211s
 168   1.45713844e+06  1.45761650e+06  3.80e-03 4.55e-13  3.00e-04   212s
 169   1.45714137e+06  1.45761611e+06  3.77e-03 4.55e-13  2.98e-04   213s
 170   1.45714970e+06  1.45761586e+06  3.71e-03 4.55e-13  2.93e-04   214s
 171   1.45715856e+06  1.45761493e+06  3.63e-03 4.55e-13  2.87e-04   215s
 172   1.45716837e+06  1.45761421e+06  3.55e-03 4.55e-13  2.80e-04   216s
 173   1.45717758e+06  1.45761332e+06  3.48e-03 4.55e-13  2.74e-04   217s
 174   1.45718890e+06  1.45761233e+06  3.38e-03 4.55e-13  2.66e-04   218s
 175   1.45719976e+06  1.45761146e+06  3.30e-03 4.55e-13  2.59e-04   219s
 176   1.45721274e+06  1.45761136e+06  3.19e-03 5.68e-13  2.51e-04   221s
 177   1.45722553e+06  1.45761085e+06  3.08e-03 5.68e-13  2.42e-04   222s
 178   1.45722770e+06  1.45761056e+06  3.07e-03 6.82e-13  2.41e-04   222s
 179   1.45723360e+06  1.45760957e+06  3.02e-03 6.82e-13  2.36e-04   224s
 180   1.45725271e+06  1.45760914e+06  2.87e-03 5.68e-13  2.24e-04   225s
 181   1.45725972e+06  1.45760892e+06  2.81e-03 5.68e-13  2.19e-04   226s
 182   1.45728084e+06  1.45760727e+06  2.65e-03 4.55e-13  2.05e-04   227s
 183   1.45728456e+06  1.45760695e+06  2.62e-03 5.68e-13  2.03e-04   228s
 184   1.45729244e+06  1.45760670e+06  2.55e-03 5.68e-13  1.98e-04   229s
 185   1.45729393e+06  1.45760644e+06  2.54e-03 6.82e-13  1.96e-04   230s
 186   1.45729843e+06  1.45760587e+06  2.50e-03 5.68e-13  1.93e-04   231s
 187   1.45730885e+06  1.45760604e+06  2.42e-03 5.68e-13  1.87e-04   233s
 188   1.45733334e+06  1.45760535e+06  2.22e-03 5.68e-13  1.71e-04   234s
 189   1.45735242e+06  1.45760477e+06  2.06e-03 5.68e-13  1.59e-04   235s
 190   1.45735422e+06  1.45760440e+06  2.05e-03 4.55e-13  1.57e-04   236s
 191   1.45736631e+06  1.45760421e+06  1.95e-03 5.68e-13  1.50e-04   237s
 192   1.45737152e+06  1.45760381e+06  1.90e-03 4.55e-13  1.46e-04   238s
 193   1.45737411e+06  1.45760357e+06  1.88e-03 4.55e-13  1.44e-04   240s
 194   1.45738564e+06  1.45760318e+06  1.78e-03 3.41e-13  1.37e-04   241s
 195   1.45739210e+06  1.45760295e+06  1.73e-03 3.41e-13  1.33e-04   242s
 196   1.45740198e+06  1.45760243e+06  1.65e-03 3.41e-13  1.26e-04   244s
 197   1.45740690e+06  1.45760226e+06  1.61e-03 4.55e-13  1.23e-04   245s
 198   1.45741300e+06  1.45760193e+06  1.56e-03 4.55e-13  1.19e-04   246s
 199   1.45742493e+06  1.45760173e+06  1.46e-03 3.41e-13  1.11e-04   247s
 200   1.45742646e+06  1.45760156e+06  1.45e-03 3.41e-13  1.10e-04   249s
 201   1.45744855e+06  1.45760134e+06  1.27e-03 3.41e-13  9.61e-05   250s
 202   1.45745516e+06  1.45760101e+06  1.22e-03 3.41e-13  9.17e-05   251s
 203   1.45745856e+06  1.45760089e+06  1.19e-03 3.41e-13  8.95e-05   253s
 204   1.45746136e+06  1.45760088e+06  1.16e-03 3.41e-13  8.77e-05   254s
 205   1.45747388e+06  1.45760074e+06  1.07e-03 3.41e-13  7.98e-05   255s
 206   1.45749090e+06  1.45760072e+06  9.10e-04 4.55e-13  6.91e-05   256s
 207   1.45749206e+06  1.45760067e+06  9.00e-04 3.41e-13  6.83e-05   257s
 208   1.45749534e+06  1.45760054e+06  8.73e-04 4.55e-13  6.62e-05   259s
 209   1.45750672e+06  1.45760029e+06  7.76e-04 4.55e-13  5.88e-05   261s
 210   1.45750926e+06  1.45760021e+06  7.56e-04 4.55e-13  5.72e-05   262s
 211   1.45751246e+06  1.45760019e+06  7.30e-04 3.41e-13  5.52e-05   264s
 212   1.45751426e+06  1.45760008e+06  7.14e-04 3.41e-13  5.40e-05   265s
 213   1.45752040e+06  1.45760010e+06  6.63e-04 3.41e-13  5.01e-05   267s
 214   1.45752140e+06  1.45759999e+06  6.54e-04 3.41e-13  4.94e-05   268s
 215   1.45752179e+06  1.45759997e+06  6.51e-04 4.55e-13  4.92e-05   269s
 216   1.45752793e+06  1.45759988e+06  6.03e-04 4.55e-13  4.53e-05   271s
 217   1.45753234e+06  1.45759984e+06  5.67e-04 3.41e-13  4.25e-05   273s
 218   1.45753341e+06  1.45759993e+06  5.58e-04 2.27e-13  4.18e-05   274s
 219   1.45754015e+06  1.45759988e+06  5.04e-04 2.27e-13  3.76e-05   276s
 220   1.45754211e+06  1.45759987e+06  5.08e-04 2.27e-13  3.63e-05   278s
 221   1.45755410e+06  1.45759972e+06  3.93e-04 2.27e-13  2.87e-05   279s
 222   1.45756033e+06  1.45759972e+06  3.50e-04 2.27e-13  2.48e-05   281s
 223   1.45756700e+06  1.45759961e+06  2.97e-04 2.27e-13  2.05e-05   283s
 224   1.45756905e+06  1.45759955e+06  2.77e-04 2.27e-13  1.92e-05   284s
 225   1.45757477e+06  1.45759944e+06  2.27e-04 4.55e-13  1.55e-05   287s
 226   1.45757729e+06  1.45759938e+06  2.05e-04 2.27e-13  1.39e-05   289s
 227   1.45758076e+06  1.45759935e+06  1.72e-04 2.27e-13  1.17e-05   290s
 228   1.45758231e+06  1.45759941e+06  1.59e-04 3.41e-13  1.08e-05   292s
 229   1.45758508e+06  1.45759932e+06  1.32e-04 2.27e-13  8.95e-06   295s
 230   1.45758606e+06  1.45759929e+06  1.23e-04 4.55e-13  8.32e-06   297s
 231   1.45758737e+06  1.45759924e+06  1.14e-04 2.27e-13  7.46e-06   300s
 232   1.45759593e+06  1.45759917e+06  3.23e-05 3.41e-13  2.04e-06   302s
 233   1.45759817e+06  1.45759913e+06  8.37e-06 3.41e-13  6.03e-07   303s
 234   1.45759844e+06  1.45759910e+06  5.77e-06 4.55e-13  4.12e-07   305s
 235   1.45759845e+06  1.45759910e+06  5.71e-06 4.55e-13  4.08e-07   306s
 236   1.45759853e+06  1.45759909e+06  4.97e-06 3.41e-13  3.55e-07   307s
 237   1.45759854e+06  1.45759909e+06  4.81e-06 3.41e-13  3.46e-07   308s
 238   1.45759854e+06  1.45759909e+06  4.77e-06 4.55e-13  3.44e-07   308s
 239   1.45759859e+06  1.45759909e+06  4.25e-06 4.55e-13  3.14e-07   309s
 240   1.45759860e+06  1.45759909e+06  4.22e-06 3.41e-13  3.12e-07   310s
 241   1.45759860e+06  1.45759909e+06  4.22e-06 4.55e-13  3.12e-07   310s
 242   1.45759864e+06  1.45759909e+06  3.78e-06 4.55e-13  2.86e-07   312s
 243   1.45759864e+06  1.45759909e+06  3.77e-06 3.41e-13  2.85e-07   313s
 244   1.45759865e+06  1.45759909e+06  3.69e-06 2.84e-13  2.80e-07   314s
 245   1.45759865e+06  1.45759909e+06  3.68e-06 2.84e-13  2.80e-07   315s
 246   1.45759868e+06  1.45759909e+06  3.40e-06 3.13e-13  2.60e-07   316s
 247   1.45759868e+06  1.45759909e+06  3.40e-06 3.41e-13  2.59e-07   317s
 248   1.45759869e+06  1.45759909e+06  3.38e-06 3.41e-13  2.51e-07   318s
 249   1.45759869e+06  1.45759909e+06  3.37e-06 3.41e-13  2.50e-07   319s
 250   1.45759869e+06  1.45759909e+06  3.37e-06 3.41e-13  2.50e-07   320s
 251   1.45759872e+06  1.45759909e+06  3.34e-06 3.41e-13  2.35e-07   322s
 252   1.45759872e+06  1.45759909e+06  3.34e-06 3.41e-13  2.34e-07   323s
 253   1.45759872e+06  1.45759909e+06  3.33e-06 4.55e-13  2.33e-07   324s
 254   1.45759874e+06  1.45759909e+06  3.29e-06 3.41e-13  2.24e-07   325s
 255   1.45759874e+06  1.45759909e+06  3.23e-06 3.41e-13  2.19e-07   326s
 256   1.45759875e+06  1.45759909e+06  3.21e-06 4.55e-13  2.15e-07   327s
 257   1.45759877e+06  1.45759909e+06  3.09e-06 4.55e-13  1.99e-07   328s
 258   1.45759878e+06  1.45759909e+06  3.09e-06 3.69e-13  1.98e-07   329s
 259   1.45759879e+06  1.45759909e+06  2.90e-06 4.55e-13  1.90e-07   330s
 260   1.45759879e+06  1.45759909e+06  2.88e-06 4.55e-13  1.89e-07   331s
 261   1.45759880e+06  1.45759909e+06  2.81e-06 4.55e-13  1.85e-07   332s
 262   1.45759880e+06  1.45759909e+06  2.77e-06 4.55e-13  1.82e-07   333s
 263   1.45759881e+06  1.45759909e+06  2.76e-06 4.55e-13  1.77e-07   334s
 264   1.45759881e+06  1.45759909e+06  2.72e-06 4.55e-13  1.75e-07   335s
 265   1.45759882e+06  1.45759909e+06  2.71e-06 4.55e-13  1.73e-07   336s
 266   1.45759882e+06  1.45759909e+06  2.66e-06 4.55e-13  1.69e-07   337s
 267   1.45759883e+06  1.45759909e+06  2.65e-06 4.55e-13  1.68e-07   338s
 268   1.45759883e+06  1.45759909e+06  2.61e-06 5.68e-13  1.64e-07   339s
 269   1.45759884e+06  1.45759909e+06  2.52e-06 4.55e-13  1.56e-07   340s

Barrier solved model in 269 iterations and 340.36 seconds (132.62 work units)
Optimal objective 1.45759884e+06

Crossover log...

  159760 DPushes remaining with DInf 0.0000000e+00               341s
       0 DPushes remaining with DInf 0.0000000e+00               343s

    2932 PPushes remaining with PInf 2.7398508e-02               343s
       0 PPushes remaining with PInf 6.0835673e-03               343s

  Push phase complete: Pinf 6.0835673e-03, Dinf 2.1122658e+00    343s

Iteration    Objective       Primal Inf.    Dual Inf.      Time
  162100    1.4575991e+06   0.000000e+00   2.112266e+00    343s
Crossover time: 3.27 seconds (1.70 work units)

Solved with barrier

Extra simplex iterations after uncrush: 35039
  197188    1.4575991e+06   0.000000e+00   0.000000e+00    346s

Solved in 197188 iterations and 345.71 seconds (136.41 work units)
Optimal objective  1.457599083e+06
