Writing constraints.:   0%|[38;2;128;191;255m                                                                     [0m| 0/21 [00:00<?, ?it/s][0mWriting constraints.:   5%|[38;2;128;191;255m##9                                                          [0m| 1/21 [00:00<00:04,  4.55it/s][0mWriting constraints.:  10%|[38;2;128;191;255m#####8                                                       [0m| 2/21 [00:00<00:06,  2.82it/s][0mWriting constraints.:  14%|[38;2;128;191;255m########7                                                    [0m| 3/21 [00:01<00:06,  2.59it/s][0mWriting constraints.:  19%|[38;2;128;191;255m###########6                                                 [0m| 4/21 [00:01<00:06,  2.80it/s][0mWriting constraints.:  24%|[38;2;128;191;255m##############5                                              [0m| 5/21 [00:01<00:05,  2.99it/s][0mWriting constraints.:  33%|[38;2;128;191;255m####################3                                        [0m| 7/21 [00:02<00:04,  3.49it/s][0mWriting constraints.:  81%|[38;2;128;191;255m################################################5           [0m| 17/21 [00:02<00:00, 10.72it/s][0mWriting constraints.:  90%|[38;2;128;191;255m######################################################2     [0m| 19/21 [00:03<00:00,  8.63it/s][0mWriting constraints.:  95%|[38;2;128;191;255m#########################################################1  [0m| 20/21 [00:03<00:00,  6.49it/s][0mWriting constraints.: 100%|[38;2;128;191;255m############################################################[0m| 21/21 [00:03<00:00,  5.96it/s][0m
Writing continuous variables.:   0%|[38;2;128;191;255m                                                            [0m| 0/11 [00:00<?, ?it/s][0mWriting continuous variables.:  55%|[38;2;128;191;255m############################3                       [0m| 6/11 [00:00<00:00, 58.82it/s][0mWriting continuous variables.: 100%|[38;2;128;191;255m###################################################[0m| 11/11 [00:00<00:00, 45.82it/s][0m
Set parameter Username
Academic license - for non-commercial use only - expires 2026-12-02
Read LP format model from file C:\Users\onori\AppData\Local\Temp\linopy-problem-2crqhcej.lp
Reading time = 3.35 seconds
obj: 1489210 rows, 1138806 columns, 3699173 nonzeros
Set parameter Presolve to value -1
Gurobi Optimizer version 13.0.0 build v13.0.0rc1 (win64 - Windows 11+.0 (26200.2))

CPU model: 11th Gen Intel(R) Core(TM) i7-11800H @ 2.30GHz, instruction set [SSE2|AVX|AVX2|AVX512]
Thread count: 8 physical cores, 16 logical processors, using up to 16 threads

Optimize a model with 1489210 rows, 1138806 columns and 3699173 nonzeros (Min)
Model fingerprint: 0x493080f0
Model has 613206 linear objective coefficients
Coefficient statistics:
  Matrix range     [1e-05, 3e+00]
  Objective range  [6e-07, 6e+02]
  Bounds range     [0e+00, 0e+00]
  RHS range        [1e+00, 5e+02]
Presolve removed 702090 rows and 589915 columns
Presolve time: 5.87s
Presolved: 435011 rows, 1004399 columns, 3208371 nonzeros

Concurrent LP optimizer: primal simplex, dual simplex, and barrier
Showing barrier log only...

Ordering time: 0.73s

Barrier statistics:
 AA' NZ     : 2.497e+06
 Factor NZ  : 6.380e+06 (roughly 600 MB of memory)
 Factor Ops : 1.085e+08 (less than 1 second per iteration)
 Threads    : 1

                  Objective                Residual
Iter       Primal          Dual         Primal    Dual     Compl     Time
   0  -1.55061290e+10  2.63634139e+06  1.36e+07 1.79e+02  2.49e+05    10s
   1  -1.08502833e+10  5.77709100e+07  6.16e+06 3.50e+02  1.11e+05    12s
   2  -9.75446515e+09  8.36456244e+07  5.13e+06 1.71e+02  8.43e+04    13s
   3  -5.23727854e+09  1.01362537e+08  1.93e+06 5.14e+01  3.41e+04    14s
   4  -1.26775009e+09  1.03285461e+08  2.84e+05 5.65e+00  5.49e+03    15s
   5  -2.93225241e+07  6.32914923e+07  5.74e+03 2.73e-12  1.49e+02    17s
   6  -2.99144800e+06  1.48677254e+07  8.16e+02 5.91e-12  2.18e+01    18s
   7  -4.69215860e+05  8.71966542e+06  2.67e+02 2.73e-12  8.33e+00    20s
   8   3.69272042e+05  4.89075079e+06  7.57e+01 1.60e-12  3.33e+00    21s
   9   7.32767803e+05  2.96726861e+06  2.57e+01 1.08e-12  1.50e+00    22s
  10   8.50483939e+05  2.60700055e+06  1.76e+01 8.53e-13  1.16e+00    23s
  11   1.06811806e+06  2.34408494e+06  7.74e+00 7.83e-13  8.17e-01    25s
  12   1.15212157e+06  2.17700452e+06  5.62e+00 7.36e-13  6.52e-01    26s
  13   1.23492646e+06  2.06078338e+06  3.89e+00 7.42e-13  5.23e-01    27s
  14   1.28703515e+06  1.98558649e+06  2.97e+00 6.39e-13  4.41e-01    29s
  15   1.32831744e+06  1.93858307e+06  2.30e+00 5.68e-13  3.84e-01    31s
  16   1.42407131e+06  1.92198906e+06  1.42e+00 5.70e-13  3.12e-01    33s
  17   1.48760280e+06  1.80291485e+06  9.13e-01 5.04e-13  1.98e-01    35s
  18   1.51710478e+06  1.74058643e+06  6.88e-01 4.62e-13  1.40e-01    37s
  19   1.54173574e+06  1.71377579e+06  5.06e-01 4.26e-13  1.08e-01    39s
  20   1.56260495e+06  1.68767538e+06  3.57e-01 4.20e-13  7.82e-02    41s
  21   1.57054907e+06  1.68370497e+06  3.03e-01 4.76e-13  7.07e-02    43s
  22   1.59909775e+06  1.67626617e+06  1.64e-01 4.16e-13  4.82e-02    44s
  23   1.62800578e+06  1.64366091e+06  3.00e-02 4.24e-13  9.76e-03    46s
  24   1.63087719e+06  1.64066090e+06  2.01e-02 4.48e-13  6.10e-03    49s
  25   1.63140534e+06  1.63956638e+06  1.83e-02 4.16e-13  5.09e-03    50s
  26   1.63195968e+06  1.63879294e+06  1.64e-02 4.00e-13  4.27e-03    52s
  27   1.63254162e+06  1.63856869e+06  1.44e-02 4.48e-13  3.76e-03    53s
  28   1.63281639e+06  1.63835997e+06  1.35e-02 5.04e-13  3.46e-03    54s
  29   1.63297076e+06  1.63826520e+06  1.30e-02 4.33e-13  3.31e-03    55s
  30   1.63338442e+06  1.63807915e+06  1.15e-02 4.55e-13  2.93e-03    56s
  31   1.63364507e+06  1.63805474e+06  1.06e-02 4.97e-13  2.75e-03    57s
  32   1.63402642e+06  1.63795453e+06  9.29e-03 4.55e-13  2.45e-03    58s
  33   1.63436552e+06  1.63771501e+06  8.11e-03 4.77e-13  2.09e-03    59s
  34   1.63487378e+06  1.63755913e+06  6.48e-03 4.78e-13  1.68e-03    60s
  35   1.63496516e+06  1.63750882e+06  6.17e-03 4.55e-13  1.59e-03    61s
  36   1.63524858e+06  1.63740492e+06  5.22e-03 5.47e-13  1.35e-03    62s
  37   1.63559815e+06  1.63725306e+06  4.08e-03 4.26e-13  1.03e-03    64s
  38   1.63569680e+06  1.63708685e+06  3.76e-03 4.17e-13  8.69e-04    65s
  39   1.63589761e+06  1.63702938e+06  3.09e-03 3.91e-13  7.08e-04    67s
  40   1.63599933e+06  1.63700939e+06  2.75e-03 4.05e-13  6.31e-04    68s
  41   1.63605834e+06  1.63696725e+06  2.56e-03 4.48e-13  5.68e-04    69s
  42   1.63612185e+06  1.63694258e+06  2.35e-03 4.26e-13  5.13e-04    71s
  43   1.63612616e+06  1.63693588e+06  2.34e-03 4.33e-13  5.06e-04    72s
  44   1.63624026e+06  1.63690932e+06  1.95e-03 4.80e-13  4.19e-04    73s
  45   1.63630390e+06  1.63690312e+06  1.75e-03 4.29e-13  3.75e-04    74s
  46   1.63634196e+06  1.63688727e+06  1.62e-03 4.14e-13  3.41e-04    76s
  47   1.63639012e+06  1.63687549e+06  1.46e-03 4.48e-13  3.04e-04    77s
  48   1.63642744e+06  1.63687375e+06  1.33e-03 4.48e-13  2.79e-04    79s
  49   1.63644676e+06  1.63686268e+06  1.27e-03 4.84e-13  2.60e-04    80s
  50   1.63646036e+06  1.63684974e+06  1.22e-03 4.78e-13  2.44e-04    82s
  51   1.63650447e+06  1.63683821e+06  1.07e-03 4.29e-13  2.09e-04    83s
  52   1.63653398e+06  1.63683496e+06  9.62e-04 4.09e-13  1.88e-04    85s
  53   1.63656214e+06  1.63682858e+06  8.67e-04 4.25e-13  1.67e-04    86s
  54   1.63658833e+06  1.63682739e+06  7.77e-04 4.33e-13  1.50e-04    88s
  55   1.63659674e+06  1.63682547e+06  7.44e-04 4.41e-13  1.43e-04    89s
  56   1.63661592e+06  1.63682267e+06  6.76e-04 4.07e-13  1.30e-04    91s
  57   1.63664708e+06  1.63682245e+06  5.54e-04 4.44e-13  1.10e-04    92s
  58   1.63667296e+06  1.63682104e+06  4.61e-04 4.34e-13  9.27e-05    93s
  59   1.63670254e+06  1.63681764e+06  3.61e-04 4.55e-13  7.21e-05    94s
  60   1.63670847e+06  1.63681704e+06  3.42e-04 4.48e-13  6.80e-05    96s
  61   1.63671303e+06  1.63681698e+06  3.28e-04 4.09e-13  6.51e-05    97s
  62   1.63671586e+06  1.63681673e+06  3.19e-04 4.55e-13  6.32e-05    98s
  63   1.63672048e+06  1.63681674e+06  3.05e-04 4.65e-13  6.03e-05   100s
  64   1.63672847e+06  1.63681657e+06  2.80e-04 4.71e-13  5.52e-05   101s
  65   1.63673262e+06  1.63681639e+06  2.67e-04 5.04e-13  5.25e-05   103s
  66   1.63673752e+06  1.63681623e+06  2.51e-04 4.42e-13  4.93e-05   104s
  67   1.63675017e+06  1.63681601e+06  2.12e-04 4.53e-13  4.13e-05   105s
  68   1.63675770e+06  1.63681576e+06  1.89e-04 4.41e-13  3.64e-05   107s
  69   1.63676763e+06  1.63681562e+06  1.58e-04 4.20e-13  3.01e-05   109s
  70   1.63677319e+06  1.63681544e+06  1.42e-04 4.55e-13  2.65e-05   110s
  71   1.63678367e+06  1.63681521e+06  1.06e-04 6.82e-13  1.98e-05   112s
  72   1.63679408e+06  1.63681525e+06  7.01e-05 4.61e-13  1.33e-05   114s
  73   1.63679699e+06  1.63681512e+06  6.06e-05 5.78e-13  1.14e-05   115s
  74   1.63680703e+06  1.63681491e+06  2.73e-05 4.33e-13  4.94e-06   116s
  75   1.63680736e+06  1.63681486e+06  2.61e-05 3.96e-13  4.70e-06   117s
  76   1.63680863e+06  1.63681482e+06  2.16e-05 3.71e-13  3.89e-06   118s
  77   1.63680878e+06  1.63681482e+06  2.10e-05 4.68e-13  3.79e-06   119s
  78   1.63680907e+06  1.63681482e+06  1.99e-05 4.97e-13  3.60e-06   119s
  79   1.63680935e+06  1.63681481e+06  1.89e-05 4.76e-13  3.42e-06   120s
  80   1.63681013e+06  1.63681480e+06  1.62e-05 4.45e-13  2.93e-06   121s
  81   1.63681017e+06  1.63681480e+06  1.60e-05 4.77e-13  2.90e-06   122s
  82   1.63681017e+06  1.63681480e+06  1.60e-05 4.76e-13  2.90e-06   123s
  83   1.63681017e+06  1.63681480e+06  1.60e-05 5.26e-13  2.90e-06   124s
  84   1.63681133e+06  1.63681480e+06  1.45e-05 4.83e-13  2.18e-06   125s
  85   1.63681358e+06  1.63681477e+06  4.97e-06 4.65e-13  7.45e-07   126s
  86   1.63681367e+06  1.63681476e+06  4.56e-06 5.83e-13  6.84e-07   127s
  87   1.63681373e+06  1.63681476e+06  4.32e-06 4.19e-13  6.48e-07   128s
  88   1.63681374e+06  1.63681476e+06  4.30e-06 4.69e-13  6.44e-07   129s
  89   1.63681384e+06  1.63681477e+06  3.74e-06 5.08e-13  5.82e-07   130s
  90   1.63681406e+06  1.63681476e+06  2.83e-06 4.83e-13  4.41e-07   131s
  91   1.63681429e+06  1.63681476e+06  1.86e-06 4.55e-13  2.90e-07   132s
  92   1.63681429e+06  1.63681476e+06  1.86e-06 5.15e-13  2.90e-07   133s
  93   1.63681433e+06  1.63681476e+06  1.67e-06 4.80e-13  2.66e-07   134s
  94   1.63681435e+06  1.63681476e+06  1.62e-06 4.26e-13  2.58e-07   136s
  95   1.63681436e+06  1.63681476e+06  1.55e-06 5.01e-13  2.46e-07   137s
  96   1.63681437e+06  1.63681476e+06  1.54e-06 4.44e-13  2.45e-07   139s
  97   1.63681439e+06  1.63681476e+06  1.43e-06 4.94e-13  2.29e-07   140s
  98   1.63681440e+06  1.63681476e+06  1.38e-06 5.15e-13  2.21e-07   141s
  99   1.63681444e+06  1.63681476e+06  1.25e-06 5.22e-13  2.00e-07   143s

Barrier solved model in 99 iterations and 142.64 seconds (49.71 work units)
Optimal objective 1.63681444e+06

Crossover log...

  161964 DPushes remaining with DInf 0.0000000e+00               143s
     974 DPushes remaining with DInf 0.0000000e+00               145s
       0 DPushes remaining with DInf 0.0000000e+00               146s

    1595 PPushes remaining with PInf 2.2531270e-02               146s
       0 PPushes remaining with PInf 1.2844223e-01               147s

  Push phase complete: Pinf 1.2844223e-01, Dinf 1.3156920e+00    147s

Iteration    Objective       Primal Inf.    Dual Inf.      Time
  162997    1.6368148e+06   0.000000e+00   1.315692e+00    147s
Crossover time: 4.57 seconds (1.71 work units)

Solved with barrier

Extra simplex iterations after uncrush: 35039
  198206    1.6368147e+06   0.000000e+00   0.000000e+00    150s

Extra simplex iterations from dual to original model: 1
  198207    1.6368147e+06   0.000000e+00   0.000000e+00    151s

Solved in 198207 iterations and 151.35 seconds (54.61 work units)
Optimal objective  1.636814748e+06
