Writing constraints.:   0%|[38;2;128;191;255m                                                                     [0m| 0/20 [00:00<?, ?it/s][0mWriting constraints.:   5%|[38;2;128;191;255m###                                                          [0m| 1/20 [00:00<00:02,  9.26it/s][0mWriting constraints.:  10%|[38;2;128;191;255m######1                                                      [0m| 2/20 [00:00<00:02,  8.92it/s][0mWriting constraints.:  15%|[38;2;128;191;255m#########1                                                   [0m| 3/20 [00:00<00:01,  8.65it/s][0mWriting constraints.:  20%|[38;2;128;191;255m############2                                                [0m| 4/20 [00:00<00:01,  8.92it/s][0mWriting constraints.:  25%|[38;2;128;191;255m###############2                                             [0m| 5/20 [00:00<00:01,  8.89it/s][0mWriting constraints.:  35%|[38;2;128;191;255m#####################3                                       [0m| 7/20 [00:00<00:01,  9.46it/s][0mWriting constraints.:  85%|[38;2;128;191;255m###################################################         [0m| 17/20 [00:00<00:00, 25.49it/s][0mWriting constraints.: 100%|[38;2;128;191;255m############################################################[0m| 20/20 [00:01<00:00, 16.68it/s][0mWriting constraints.: 100%|[38;2;128;191;255m############################################################[0m| 20/20 [00:01<00:00, 14.98it/s][0m
Writing continuous variables.:   0%|[38;2;128;191;255m                                                            [0m| 0/10 [00:00<?, ?it/s][0mWriting continuous variables.:  90%|[38;2;128;191;255m##############################################8     [0m| 9/10 [00:00<00:00, 78.47it/s][0mWriting continuous variables.: 100%|[38;2;128;191;255m###################################################[0m| 10/10 [00:00<00:00, 74.20it/s][0m
Set parameter Username
Academic license - for non-commercial use only - expires 2026-12-02
Read LP format model from file C:\Users\onori\AppData\Local\Temp\linopy-problem-vvrczbf3.lp
Reading time = 2.35 seconds
obj: 788410 rows, 613203 columns, 2057318 nonzeros
Set parameter Presolve to value -1
Gurobi Optimizer version 13.0.0 build v13.0.0rc1 (win64 - Windows 11+.0 (26200.2))

CPU model: 11th Gen Intel(R) Core(TM) i7-11800H @ 2.30GHz, instruction set [SSE2|AVX|AVX2|AVX512]
Thread count: 8 physical cores, 16 logical processors, using up to 16 threads

Optimize a model with 788410 rows, 613203 columns and 2057318 nonzeros (Min)
Model fingerprint: 0x2172994c
Model has 262803 linear objective coefficients
Coefficient statistics:
  Matrix range     [1e-05, 3e+00]
  Objective range  [6e-07, 6e+02]
  Bounds range     [0e+00, 0e+00]
  RHS range        [1e+00, 5e+02]
Presolve removed 220290 rows and 290360 columns
Presolve time: 3.18s
Presolved: 217723 rows, 655717 columns, 1922068 nonzeros

Concurrent LP optimizer: primal simplex, dual simplex, and barrier
Showing barrier log only...

Ordering time: 0.17s

Barrier statistics:
 AA' NZ     : 8.332e+05
 Factor NZ  : 3.496e+06 (roughly 400 MB of memory)
 Factor Ops : 7.084e+07 (less than 1 second per iteration)
 Threads    : 1

                  Objective                Residual
Iter       Primal          Dual         Primal    Dual     Compl     Time
   0  -4.51885893e+08  2.83510901e+06  1.04e+07 3.36e+02  2.17e+05     5s
   1  -1.21968263e+09  5.29914557e+07  4.07e+06 3.14e+02  9.17e+04     6s
   2  -1.22651618e+09  7.13735310e+07  3.74e+06 1.81e+02  7.44e+04     6s
   3  -1.12189256e+09  8.65700919e+07  1.82e+06 7.30e+01  3.81e+04     7s
   4  -5.22061213e+08  9.08054482e+07  2.27e+05 2.34e+00  4.95e+03     7s
   5  -1.21361674e+07  5.22433575e+07  5.97e+03 1.94e-12  1.75e+02     7s
   6  -1.76729289e+06  1.19436688e+07  1.72e+03 1.53e-12  4.25e+01     8s
   7   3.80727149e+05  7.43803830e+06  5.97e+02 1.92e-12  1.58e+01     8s
   8   8.90155929e+05  4.56657038e+06  1.79e+02 1.16e-12  5.94e+00     9s
   9   9.99573077e+05  3.42307142e+06  8.35e+01 1.24e-12  3.36e+00     9s
  10   1.07413024e+06  2.92908731e+06  6.03e+01 1.14e-12  2.47e+00     9s
  11   1.29251149e+06  2.58639440e+06  2.49e+01 1.19e-12  1.52e+00    10s
  12   1.58500134e+06  2.24197196e+06  1.08e+01 8.53e-13  7.42e-01    10s
  13   1.69439435e+06  2.11928149e+06  7.20e+00 8.81e-13  4.78e-01    11s
  14   1.73072989e+06  2.09871580e+06  6.17e+00 1.06e-12  4.13e-01    11s
  15   1.76428406e+06  2.08293861e+06  5.30e+00 8.74e-13  3.57e-01    11s
  16   1.84457789e+06  2.06256547e+06  3.27e+00 9.63e-13  2.42e-01    12s
  17   1.91413573e+06  2.01750431e+06  1.62e+00 8.42e-13  1.15e-01    12s
  18   1.95888312e+06  2.00270864e+06  6.22e-01 6.96e-13  4.82e-02    12s
  19   1.98039834e+06  1.99808631e+06  1.85e-01 8.61e-13  1.90e-02    13s
  20   1.98635090e+06  1.99391559e+06  6.75e-02 9.24e-13  8.03e-03    13s
  21   1.98754715e+06  1.99268639e+06  4.71e-02 7.10e-13  5.46e-03    14s
  22   1.98908993e+06  1.99128807e+06  2.12e-02 7.05e-13  2.34e-03    14s
  23   1.99012955e+06  1.99056498e+06  3.91e-03 7.31e-13  4.62e-04    14s
  24   1.99035290e+06  1.99047960e+06  5.87e-04 7.25e-13  1.31e-04    15s
  25   1.99037540e+06  1.99040427e+06  2.83e-04 9.66e-13  3.08e-05    15s
  26   1.99039093e+06  1.99039922e+06  7.78e-05 7.49e-13  8.83e-06    16s
  27   1.99039560e+06  1.99039775e+06  1.79e-05 6.82e-13  2.28e-06    16s
  28   1.99039690e+06  1.99039722e+06  2.08e-06 9.45e-13  3.31e-07    16s
  29   1.99039691e+06  1.99039722e+06  2.02e-06 8.67e-13  3.21e-07    17s
  30   1.99039693e+06  1.99039721e+06  1.83e-06 1.17e-12  2.93e-07    17s
  31   1.99039694e+06  1.99039721e+06  1.69e-06 9.73e-13  2.73e-07    18s
  32   1.99039696e+06  1.99039720e+06  1.51e-06 1.07e-12  2.44e-07    18s
  33   1.99039697e+06  1.99039720e+06  1.50e-06 1.35e-12  2.42e-07    19s
  34   1.99039697e+06  1.99039720e+06  1.49e-06 1.36e-12  2.41e-07    19s
  35   1.99039697e+06  1.99039720e+06  1.49e-06 1.43e-12  2.41e-07    20s
  36   1.99039697e+06  1.99039719e+06  1.79e-06 1.46e-12  2.32e-07    21s
  37   1.99039698e+06  1.99039719e+06  1.65e-06 1.22e-12  2.16e-07    22s
  38   1.99039699e+06  1.99039719e+06  1.63e-06 1.49e-12  2.14e-07    23s
  39   1.99039700e+06  1.99039719e+06  1.47e-06 1.56e-12  1.92e-07    24s
  40   1.99039700e+06  1.99039719e+06  1.47e-06 1.51e-12  1.92e-07    26s
  41   1.99039700e+06  1.99039719e+06  1.55e-06 1.54e-12  1.89e-07    27s
  42   1.99039700e+06  1.99039719e+06  1.55e-06 1.61e-12  1.89e-07    28s
  43   1.99039701e+06  1.99039718e+06  1.35e-06 1.48e-12  1.81e-07    29s
  44   1.99039701e+06  1.99039718e+06  1.33e-06 1.58e-12  1.79e-07    30s
  45   1.99039702e+06  1.99039718e+06  1.20e-06 1.80e-12  1.68e-07    31s
  46   1.99039702e+06  1.99039718e+06  1.16e-06 1.65e-12  1.62e-07    32s
  47   1.99039702e+06  1.99039718e+06  1.13e-06 1.63e-12  1.58e-07    33s
  48   1.99039703e+06  1.99039718e+06  1.12e-06 1.57e-12  1.57e-07    34s
  49   1.99039703e+06  1.99039717e+06  1.10e-06 1.69e-12  1.54e-07    35s
  50   1.99039706e+06  1.99039715e+06  7.03e-07 1.08e-12  8.73e-08    36s
  51   1.99039709e+06  1.99039714e+06  3.76e-07 9.24e-13  5.49e-08    37s
  52   1.99039711e+06  1.99039714e+06  2.15e-07 8.81e-13  3.28e-08    38s
  53   1.99039711e+06  1.99039714e+06  2.14e-07 9.09e-13  3.28e-08    40s
  54   1.99039711e+06  1.99039714e+06  2.14e-07 9.52e-13  3.26e-08    40s
  55   1.99039711e+06  1.99039714e+06  2.05e-07 1.05e-12  3.14e-08    42s
  56   1.99039713e+06  1.99039714e+06  7.86e-08 9.75e-13  8.68e-09    43s
  57   1.99039713e+06  1.99039713e+06  2.76e-08 8.81e-13  2.76e-09    44s

Barrier solved model in 57 iterations and 43.80 seconds (15.16 work units)
Optimal objective 1.99039713e+06

Crossover log...

   92036 DPushes remaining with DInf 0.0000000e+00                44s
    2822 DPushes remaining with DInf 0.0000000e+00                45s
       0 DPushes remaining with DInf 0.0000000e+00                46s

      28 PPushes remaining with PInf 0.0000000e+00                46s
       0 PPushes remaining with PInf 0.0000000e+00                46s

  Push phase complete: Pinf 0.0000000e+00, Dinf 2.4240001e-09     46s

Crossover time: 2.21 seconds (0.47 work units)

Solved with barrier

Extra simplex iterations from dual to original model: 15
Iteration    Objective       Primal Inf.    Dual Inf.      Time
   85912    1.9903971e+06   0.000000e+00   0.000000e+00     47s

Solved in 85912 iterations and 47.20 seconds (16.62 work units)
Optimal objective  1.990397134e+06
