Writing constraints.:   0%|[38;2;128;191;255m                                                                     [0m| 0/20 [00:00<?, ?it/s][0mWriting constraints.:   5%|[38;2;128;191;255m###                                                          [0m| 1/20 [00:00<00:03,  5.36it/s][0mWriting constraints.:  10%|[38;2;128;191;255m######1                                                      [0m| 2/20 [00:00<00:03,  5.45it/s][0mWriting constraints.:  15%|[38;2;128;191;255m#########1                                                   [0m| 3/20 [00:01<00:08,  2.08it/s][0mWriting constraints.:  20%|[38;2;128;191;255m############2                                                [0m| 4/20 [00:01<00:05,  2.69it/s][0mWriting constraints.:  25%|[38;2;128;191;255m###############2                                             [0m| 5/20 [00:01<00:04,  3.27it/s][0mWriting constraints.:  35%|[38;2;128;191;255m#####################3                                       [0m| 7/20 [00:01<00:02,  4.44it/s][0mWriting constraints.:  65%|[38;2;128;191;255m#######################################                     [0m| 13/20 [00:01<00:00, 11.99it/s][0mWriting constraints.:  85%|[38;2;128;191;255m###################################################         [0m| 17/20 [00:02<00:00, 13.31it/s][0mWriting constraints.:  95%|[38;2;128;191;255m#########################################################   [0m| 19/20 [00:02<00:00,  8.99it/s][0mWriting constraints.: 100%|[38;2;128;191;255m############################################################[0m| 20/20 [00:02<00:00,  7.14it/s][0m
Writing continuous variables.:   0%|[38;2;128;191;255m                                                            [0m| 0/10 [00:00<?, ?it/s][0mWriting continuous variables.:  70%|[38;2;128;191;255m####################################4               [0m| 7/10 [00:00<00:00, 66.04it/s][0mWriting continuous variables.: 100%|[38;2;128;191;255m###################################################[0m| 10/10 [00:00<00:00, 58.14it/s][0m
Set parameter Username
Academic license - for non-commercial use only - expires 2026-12-02
Read LP format model from file C:\Users\onori\AppData\Local\Temp\linopy-problem-e_w169to.lp
Reading time = 3.89 seconds
obj: 1138810 rows, 613203 columns, 2758118 nonzeros
Set parameter Presolve to value -1
Gurobi Optimizer version 13.0.0 build v13.0.0rc1 (win64 - Windows 11+.0 (26200.2))

CPU model: 11th Gen Intel(R) Core(TM) i7-11800H @ 2.30GHz, instruction set [SSE2|AVX|AVX2|AVX512]
Thread count: 8 physical cores, 16 logical processors, using up to 16 threads

Optimize a model with 1138810 rows, 613203 columns and 2758118 nonzeros (Min)
Model fingerprint: 0x693def47
Model has 262803 linear objective coefficients
Coefficient statistics:
  Matrix range     [1e-05, 1e+00]
  Objective range  [6e-07, 6e+02]
  Bounds range     [0e+00, 0e+00]
  RHS range        [1e+00, 3e+02]
Presolve removed 570690 rows and 290360 columns
Presolve time: 4.49s
Presolved: 217723 rows, 655717 columns, 1922068 nonzeros

Concurrent LP optimizer: primal simplex, dual simplex, and barrier
Showing barrier log only...

Ordering time: 0.19s

Barrier statistics:
 AA' NZ     : 8.332e+05
 Factor NZ  : 3.496e+06 (roughly 400 MB of memory)
 Factor Ops : 7.084e+07 (less than 1 second per iteration)
 Threads    : 1

                  Objective                Residual
Iter       Primal          Dual         Primal    Dual     Compl     Time
   0  -3.57046057e+08  2.85766174e+06  1.03e+07 2.03e+02  1.35e+05     7s
   1  -8.98000312e+08  3.46424594e+07  4.03e+06 1.97e+02  5.70e+04     7s
   2  -9.00066761e+08  4.64802785e+07  3.71e+06 1.00e+02  4.64e+04     8s
   3  -8.02918114e+08  5.52368722e+07  1.77e+06 4.18e+01  2.31e+04     8s
   4  -3.61203291e+08  5.85251061e+07  2.28e+05 1.18e-12  3.10e+03     8s
   5  -7.15036737e+06  3.41378891e+07  6.49e+03 1.30e-12  1.15e+02     9s
   6  -8.73846357e+05  9.49379573e+06  2.25e+03 1.18e-12  3.40e+01     9s
   7   7.12346377e+05  5.76173775e+06  8.60e+02 6.82e-13  1.34e+01    10s
   8   9.07535615e+05  3.89511686e+06  3.60e+02 9.46e-13  6.28e+00    10s
   9   9.27377499e+05  3.00948201e+06  2.18e+02 8.53e-13  3.94e+00    11s
  10   9.52386430e+05  2.67974411e+06  1.56e+02 7.69e-13  3.00e+00    11s
  11   9.99449232e+05  2.35069270e+06  9.89e+01 7.39e-13  2.11e+00    11s
  12   1.14601194e+06  2.05684003e+06  4.02e+01 6.82e-13  1.19e+00    12s
  13   1.35089028e+06  1.82605217e+06  1.50e+01 6.39e-13  5.73e-01    12s
  14   1.44132785e+06  1.72983690e+06  8.30e+00 5.68e-13  3.41e-01    13s
  15   1.47949841e+06  1.69437143e+06  5.93e+00 6.54e-13  2.52e-01    13s
  16   1.50661922e+06  1.67464280e+06  4.40e+00 6.63e-13  1.95e-01    14s
  17   1.53793034e+06  1.66232621e+06  2.84e+00 7.89e-13  1.42e-01    14s
  18   1.56645108e+06  1.63564384e+06  1.60e+00 6.18e-13  7.90e-02    14s
  19   1.59814079e+06  1.61925535e+06  3.30e-01 6.57e-13  2.31e-02    15s
  20   1.60510388e+06  1.61246881e+06  1.12e-01 6.82e-13  8.04e-03    15s
  21   1.60779503e+06  1.61006656e+06  4.05e-02 7.98e-13  2.52e-03    15s
  22   1.60860861e+06  1.60978014e+06  1.85e-02 5.90e-13  1.28e-03    16s
  23   1.60906866e+06  1.60943038e+06  7.73e-03 6.82e-13  4.09e-04    16s
  24   1.60916014e+06  1.60941451e+06  5.67e-03 6.82e-13  2.89e-04    16s
  25   1.60917876e+06  1.60940744e+06  5.22e-03 6.61e-13  2.61e-04    17s
  26   1.60934786e+06  1.60939822e+06  1.14e-03 6.64e-13  5.73e-05    17s
  27   1.60938328e+06  1.60939485e+06  2.14e-04 6.35e-13  1.29e-05    18s
  28   1.60939017e+06  1.60939208e+06  3.08e-05 1.01e-12  2.10e-06    18s
  29   1.60939133e+06  1.60939177e+06  7.77e-06 6.47e-13  4.73e-07    18s
  30   1.60939133e+06  1.60939177e+06  7.73e-06 7.73e-13  4.70e-07    19s
  31   1.60939133e+06  1.60939177e+06  7.73e-06 7.97e-13  4.70e-07    19s
  32   1.60939134e+06  1.60939177e+06  7.48e-06 7.60e-13  4.58e-07    20s
  33   1.60939135e+06  1.60939176e+06  7.34e-06 1.01e-12  4.50e-07    20s
  34   1.60939135e+06  1.60939176e+06  7.34e-06 1.09e-12  4.50e-07    20s
  35   1.60939135e+06  1.60939176e+06  7.05e-06 1.09e-12  4.40e-07    21s
  36   1.60939136e+06  1.60939176e+06  7.00e-06 1.07e-12  4.37e-07    21s
  37   1.60939136e+06  1.60939176e+06  7.00e-06 1.33e-12  4.37e-07    22s
  38   1.60939136e+06  1.60939176e+06  6.86e-06 1.28e-12  4.29e-07    22s
  39   1.60939136e+06  1.60939176e+06  6.83e-06 1.28e-12  4.27e-07    23s

Barrier performed 39 iterations in 22.56 seconds (11.78 work units)
Sub-optimal termination - objective 1.60939133e+06

Crossover log...

  118795 DPushes remaining with DInf 0.0000000e+00                23s
       0 DPushes remaining with DInf 0.0000000e+00                23s

    3920 PPushes remaining with PInf 2.0074145e-04                23s
       0 PPushes remaining with PInf 7.9070854e-03                23s

  Push phase complete: Pinf 7.9070854e-03, Dinf 1.9874961e+01     23s

Iteration    Objective       Primal Inf.    Dual Inf.      Time
  113071    1.6093916e+06   0.000000e+00   1.987496e+01     24s
Crossover time: 1.04 seconds (0.72 work units)
Crossover changed status from Sub-Optimal to Optimal

Solved with barrier

Extra simplex iterations from dual to original model: 20
  113253    1.6093916e+06   0.000000e+00   0.000000e+00     25s

Solved in 113253 iterations and 25.00 seconds (13.83 work units)
Optimal objective  1.609391649e+06
